[2020-02-25T02:40:20.591+0000][gc,heap] Heap region size: 1M
[2020-02-25T02:40:20.597+0000][gc     ] Using G1
[2020-02-25T02:40:20.597+0000][gc,heap,coops] Heap address: 0x00000000c0000000, size: 1024 MB, Compressed Oops mode: 32-bit
[2020-02-25T02:40:20.597+0000][gc,cds       ] Mark closed archive regions in map: [0x00000000fff00000, 0x00000000fff69ff8]
[2020-02-25T02:40:20.597+0000][gc,cds       ] Mark open archive regions in map: [0x00000000ffe00000, 0x00000000ffe43ff8]
[2020-02-25T02:40:21.517+0000][gc,start     ] GC(0) Pause Young (Normal) (G1 Evacuation Pause)
[2020-02-25T02:40:21.519+0000][gc,task      ] GC(0) Using 2 workers of 2 for evacuation
[2020-02-25T02:40:21.534+0000][gc,phases    ] GC(0)   Pre Evacuate Collection Set: 0.0ms
[2020-02-25T02:40:21.534+0000][gc,phases    ] GC(0)   Evacuate Collection Set: 14.2ms
[2020-02-25T02:40:21.534+0000][gc,phases    ] GC(0)   Post Evacuate Collection Set: 0.3ms
[2020-02-25T02:40:21.534+0000][gc,phases    ] GC(0)   Other: 2.9ms
[2020-02-25T02:40:21.534+0000][gc,heap      ] GC(0) Eden regions: 51->0(44)
[2020-02-25T02:40:21.534+0000][gc,heap      ] GC(0) Survivor regions: 0->7(7)
[2020-02-25T02:40:21.534+0000][gc,heap      ] GC(0) Old regions: 2->3
[2020-02-25T02:40:21.534+0000][gc,heap      ] GC(0) Humongous regions: 2->2
[2020-02-25T02:40:21.534+0000][gc,metaspace ] GC(0) Metaspace: 19108K->19108K(1067008K)
[2020-02-25T02:40:21.534+0000][gc           ] GC(0) Pause Young (Normal) (G1 Evacuation Pause) 53M->9M(1024M) 17.480ms
[2020-02-25T02:40:21.534+0000][gc,cpu       ] GC(0) User=0.03s Sys=0.00s Real=0.01s
[2020-02-25T02:40:21.650+0000][gc,start     ] GC(1) Pause Young (Concurrent Start) (Metadata GC Threshold)
[2020-02-25T02:40:21.650+0000][gc,task      ] GC(1) Using 2 workers of 2 for evacuation
[2020-02-25T02:40:21.661+0000][gc,phases    ] GC(1)   Pre Evacuate Collection Set: 0.0ms
[2020-02-25T02:40:21.661+0000][gc,phases    ] GC(1)   Evacuate Collection Set: 10.7ms
[2020-02-25T02:40:21.661+0000][gc,phases    ] GC(1)   Post Evacuate Collection Set: 0.3ms
[2020-02-25T02:40:21.661+0000][gc,phases    ] GC(1)   Other: 0.1ms
[2020-02-25T02:40:21.661+0000][gc,heap      ] GC(1) Eden regions: 6->0(50)
[2020-02-25T02:40:21.661+0000][gc,heap      ] GC(1) Survivor regions: 7->1(7)
[2020-02-25T02:40:21.661+0000][gc,heap      ] GC(1) Old regions: 3->10
[2020-02-25T02:40:21.661+0000][gc,heap      ] GC(1) Humongous regions: 2->2
[2020-02-25T02:40:21.661+0000][gc,metaspace ] GC(1) Metaspace: 20528K->20528K(1067008K)
[2020-02-25T02:40:21.661+0000][gc           ] GC(1) Pause Young (Concurrent Start) (Metadata GC Threshold) 15M->10M(1024M) 11.292ms
[2020-02-25T02:40:21.661+0000][gc,cpu       ] GC(1) User=0.02s Sys=0.01s Real=0.01s
[2020-02-25T02:40:21.661+0000][gc           ] GC(2) Concurrent Cycle
[2020-02-25T02:40:21.661+0000][gc,marking   ] GC(2) Concurrent Clear Claimed Marks
[2020-02-25T02:40:21.661+0000][gc,marking   ] GC(2) Concurrent Clear Claimed Marks 0.024ms
[2020-02-25T02:40:21.661+0000][gc,marking   ] GC(2) Concurrent Scan Root Regions
[2020-02-25T02:40:21.663+0000][gc,marking   ] GC(2) Concurrent Scan Root Regions 1.703ms
[2020-02-25T02:40:21.663+0000][gc,marking   ] GC(2) Concurrent Mark (1.074s)
[2020-02-25T02:40:21.663+0000][gc,marking   ] GC(2) Concurrent Mark From Roots
[2020-02-25T02:40:21.663+0000][gc,task      ] GC(2) Using 1 workers of 1 for marking
[2020-02-25T02:40:21.677+0000][gc,marking   ] GC(2) Concurrent Mark From Roots 13.645ms
[2020-02-25T02:40:21.677+0000][gc,marking   ] GC(2) Concurrent Preclean
[2020-02-25T02:40:21.677+0000][gc,marking   ] GC(2) Concurrent Preclean 0.066ms
[2020-02-25T02:40:21.677+0000][gc,marking   ] GC(2) Concurrent Mark (1.074s, 1.088s) 13.745ms
[2020-02-25T02:40:21.679+0000][gc,start     ] GC(2) Pause Remark
[2020-02-25T02:40:21.682+0000][gc,stringtable] GC(2) Cleaned string and symbol table, strings: 6500 processed, 0 removed, symbols: 52890 processed, 49 removed
[2020-02-25T02:40:21.683+0000][gc            ] GC(2) Pause Remark 11M->11M(1024M) 3.811ms
[2020-02-25T02:40:21.683+0000][gc,cpu        ] GC(2) User=0.01s Sys=0.00s Real=0.00s
[2020-02-25T02:40:21.683+0000][gc,marking    ] GC(2) Concurrent Rebuild Remembered Sets
[2020-02-25T02:40:21.697+0000][gc,marking    ] GC(2) Concurrent Rebuild Remembered Sets 13.790ms
[2020-02-25T02:40:21.699+0000][gc,start      ] GC(2) Pause Cleanup
[2020-02-25T02:40:21.699+0000][gc            ] GC(2) Pause Cleanup 13M->13M(1024M) 0.123ms
[2020-02-25T02:40:21.699+0000][gc,cpu        ] GC(2) User=0.00s Sys=0.00s Real=0.00s
[2020-02-25T02:40:21.699+0000][gc,marking    ] GC(2) Concurrent Cleanup for Next Mark
[2020-02-25T02:40:21.709+0000][gc,marking    ] GC(2) Concurrent Cleanup for Next Mark 9.682ms
[2020-02-25T02:40:21.709+0000][gc            ] GC(2) Concurrent Cycle 47.556ms
[2020-02-25T02:40:22.630+0000][gc,start      ] GC(3) Pause Young (Concurrent Start) (G1 Evacuation Pause)
[2020-02-25T02:40:22.630+0000][gc,task       ] GC(3) Using 2 workers of 2 for evacuation
[2020-02-25T02:40:22.641+0000][gc,phases     ] GC(3)   Pre Evacuate Collection Set: 0.1ms
[2020-02-25T02:40:22.641+0000][gc,phases     ] GC(3)   Evacuate Collection Set: 10.9ms
[2020-02-25T02:40:22.641+0000][gc,phases     ] GC(3)   Post Evacuate Collection Set: 0.3ms
[2020-02-25T02:40:22.642+0000][gc,phases     ] GC(3)   Other: 0.1ms
[2020-02-25T02:40:22.642+0000][gc,heap       ] GC(3) Eden regions: 50->0(45)
[2020-02-25T02:40:22.642+0000][gc,heap       ] GC(3) Survivor regions: 1->6(7)
[2020-02-25T02:40:22.642+0000][gc,heap       ] GC(3) Old regions: 10->10
[2020-02-25T02:40:22.642+0000][gc,heap       ] GC(3) Humongous regions: 131->131
[2020-02-25T02:40:22.642+0000][gc,metaspace  ] GC(3) Metaspace: 31081K->31081K(1077248K)
[2020-02-25T02:40:22.642+0000][gc            ] GC(3) Pause Young (Concurrent Start) (G1 Evacuation Pause) 189M->144M(1024M) 11.485ms
[2020-02-25T02:40:22.642+0000][gc,cpu        ] GC(3) User=0.02s Sys=0.00s Real=0.01s
[2020-02-25T02:40:22.642+0000][gc            ] GC(4) Concurrent Cycle
[2020-02-25T02:40:22.642+0000][gc,marking    ] GC(4) Concurrent Clear Claimed Marks
[2020-02-25T02:40:22.642+0000][gc,marking    ] GC(4) Concurrent Clear Claimed Marks 0.037ms
[2020-02-25T02:40:22.642+0000][gc,marking    ] GC(4) Concurrent Scan Root Regions
[2020-02-25T02:40:22.650+0000][gc,marking    ] GC(4) Concurrent Scan Root Regions 7.905ms
[2020-02-25T02:40:22.650+0000][gc,marking    ] GC(4) Concurrent Mark (2.061s)
[2020-02-25T02:40:22.650+0000][gc,marking    ] GC(4) Concurrent Mark From Roots
[2020-02-25T02:40:22.650+0000][gc,task       ] GC(4) Using 1 workers of 1 for marking
[2020-02-25T02:40:22.670+0000][gc,marking    ] GC(4) Concurrent Mark From Roots 20.517ms
[2020-02-25T02:40:22.670+0000][gc,marking    ] GC(4) Concurrent Preclean
[2020-02-25T02:40:22.670+0000][gc,marking    ] GC(4) Concurrent Preclean 0.068ms
[2020-02-25T02:40:22.670+0000][gc,marking    ] GC(4) Concurrent Mark (2.061s, 2.082s) 20.631ms
[2020-02-25T02:40:22.670+0000][gc,start      ] GC(4) Pause Remark
[2020-02-25T02:40:22.673+0000][gc,stringtable] GC(4) Cleaned string and symbol table, strings: 11468 processed, 8 removed, symbols: 79521 processed, 24 removed
[2020-02-25T02:40:22.674+0000][gc            ] GC(4) Pause Remark 147M->147M(1024M) 3.480ms
[2020-02-25T02:40:22.674+0000][gc,cpu        ] GC(4) User=0.01s Sys=0.00s Real=0.00s
[2020-02-25T02:40:22.674+0000][gc,marking    ] GC(4) Concurrent Rebuild Remembered Sets
[2020-02-25T02:40:22.690+0000][gc,marking    ] GC(4) Concurrent Rebuild Remembered Sets 16.409ms
[2020-02-25T02:40:22.691+0000][gc,start      ] GC(4) Pause Cleanup
[2020-02-25T02:40:22.691+0000][gc            ] GC(4) Pause Cleanup 148M->148M(1024M) 0.197ms
[2020-02-25T02:40:22.691+0000][gc,cpu        ] GC(4) User=0.00s Sys=0.00s Real=0.00s
[2020-02-25T02:40:22.691+0000][gc,marking    ] GC(4) Concurrent Cleanup for Next Mark
[2020-02-25T02:40:22.699+0000][gc,marking    ] GC(4) Concurrent Cleanup for Next Mark 8.274ms
[2020-02-25T02:40:22.699+0000][gc            ] GC(4) Concurrent Cycle 57.799ms
[2020-02-25T02:42:33.682+0000][gc,heap,exit  ] Heap
[2020-02-25T02:42:33.682+0000][gc,heap,exit  ]  garbage-first heap   total 1048576K, used 203819K [0x00000000c0000000, 0x0000000100000000)
[2020-02-25T02:42:33.682+0000][gc,heap,exit  ]   region size 1024K, 51 young (52224K), 6 survivors (6144K)
[2020-02-25T02:42:33.682+0000][gc,heap,exit  ]  Metaspace       used 37683K, capacity 39769K, committed 39984K, reserved 1083392K
[2020-02-25T02:42:33.682+0000][gc,heap,exit  ]   class space    used 4862K, capacity 5868K, committed 5936K, reserved 1048576K
