[2020-02-25T02:37:35.416+0000][gc,heap] Heap region size: 1M
[2020-02-25T02:37:35.423+0000][gc     ] Using G1
[2020-02-25T02:37:35.423+0000][gc,heap,coops] Heap address: 0x00000000c0000000, size: 1024 MB, Compressed Oops mode: 32-bit
[2020-02-25T02:37:35.423+0000][gc,cds       ] Mark closed archive regions in map: [0x00000000fff00000, 0x00000000fff69ff8]
[2020-02-25T02:37:35.423+0000][gc,cds       ] Mark open archive regions in map: [0x00000000ffe00000, 0x00000000ffe43ff8]
[2020-02-25T02:37:36.317+0000][gc,start     ] GC(0) Pause Young (Normal) (G1 Evacuation Pause)
[2020-02-25T02:37:36.317+0000][gc,task      ] GC(0) Using 2 workers of 2 for evacuation
[2020-02-25T02:37:36.326+0000][gc,phases    ] GC(0)   Pre Evacuate Collection Set: 0.0ms
[2020-02-25T02:37:36.326+0000][gc,phases    ] GC(0)   Evacuate Collection Set: 7.9ms
[2020-02-25T02:37:36.326+0000][gc,phases    ] GC(0)   Post Evacuate Collection Set: 0.4ms
[2020-02-25T02:37:36.326+0000][gc,phases    ] GC(0)   Other: 0.3ms
[2020-02-25T02:37:36.326+0000][gc,heap      ] GC(0) Eden regions: 51->0(44)
[2020-02-25T02:37:36.326+0000][gc,heap      ] GC(0) Survivor regions: 0->7(7)
[2020-02-25T02:37:36.326+0000][gc,heap      ] GC(0) Old regions: 2->3
[2020-02-25T02:37:36.326+0000][gc,heap      ] GC(0) Humongous regions: 2->2
[2020-02-25T02:37:36.326+0000][gc,metaspace ] GC(0) Metaspace: 18854K->18854K(1067008K)
[2020-02-25T02:37:36.326+0000][gc           ] GC(0) Pause Young (Normal) (G1 Evacuation Pause) 53M->9M(1024M) 8.574ms
[2020-02-25T02:37:36.326+0000][gc,cpu       ] GC(0) User=0.01s Sys=0.00s Real=0.01s
[2020-02-25T02:37:36.435+0000][gc,start     ] GC(1) Pause Young (Concurrent Start) (Metadata GC Threshold)
[2020-02-25T02:37:36.435+0000][gc,task      ] GC(1) Using 2 workers of 2 for evacuation
[2020-02-25T02:37:36.446+0000][gc,phases    ] GC(1)   Pre Evacuate Collection Set: 0.0ms
[2020-02-25T02:37:36.446+0000][gc,phases    ] GC(1)   Evacuate Collection Set: 10.7ms
[2020-02-25T02:37:36.446+0000][gc,phases    ] GC(1)   Post Evacuate Collection Set: 0.4ms
[2020-02-25T02:37:36.446+0000][gc,phases    ] GC(1)   Other: 0.1ms
[2020-02-25T02:37:36.446+0000][gc,heap      ] GC(1) Eden regions: 7->0(50)
[2020-02-25T02:37:36.446+0000][gc,heap      ] GC(1) Survivor regions: 7->1(7)
[2020-02-25T02:37:36.446+0000][gc,heap      ] GC(1) Old regions: 3->10
[2020-02-25T02:37:36.446+0000][gc,heap      ] GC(1) Humongous regions: 2->2
[2020-02-25T02:37:36.446+0000][gc,metaspace ] GC(1) Metaspace: 20529K->20529K(1067008K)
[2020-02-25T02:37:36.446+0000][gc           ] GC(1) Pause Young (Concurrent Start) (Metadata GC Threshold) 16M->10M(1024M) 11.359ms
[2020-02-25T02:37:36.446+0000][gc,cpu       ] GC(1) User=0.01s Sys=0.00s Real=0.01s
[2020-02-25T02:37:36.447+0000][gc           ] GC(2) Concurrent Cycle
[2020-02-25T02:37:36.447+0000][gc,marking   ] GC(2) Concurrent Clear Claimed Marks
[2020-02-25T02:37:36.447+0000][gc,marking   ] GC(2) Concurrent Clear Claimed Marks 0.017ms
[2020-02-25T02:37:36.447+0000][gc,marking   ] GC(2) Concurrent Scan Root Regions
[2020-02-25T02:37:36.447+0000][gc,marking   ] GC(2) Concurrent Scan Root Regions 0.378ms
[2020-02-25T02:37:36.447+0000][gc,marking   ] GC(2) Concurrent Mark (1.033s)
[2020-02-25T02:37:36.447+0000][gc,marking   ] GC(2) Concurrent Mark From Roots
[2020-02-25T02:37:36.447+0000][gc,task      ] GC(2) Using 1 workers of 1 for marking
[2020-02-25T02:37:36.458+0000][gc,marking   ] GC(2) Concurrent Mark From Roots 11.442ms
[2020-02-25T02:37:36.458+0000][gc,marking   ] GC(2) Concurrent Preclean
[2020-02-25T02:37:36.458+0000][gc,marking   ] GC(2) Concurrent Preclean 0.043ms
[2020-02-25T02:37:36.458+0000][gc,marking   ] GC(2) Concurrent Mark (1.033s, 1.044s) 11.521ms
[2020-02-25T02:37:36.459+0000][gc,start     ] GC(2) Pause Remark
[2020-02-25T02:37:36.460+0000][gc,stringtable] GC(2) Cleaned string and symbol table, strings: 6469 processed, 0 removed, symbols: 52704 processed, 49 removed
[2020-02-25T02:37:36.460+0000][gc            ] GC(2) Pause Remark 11M->11M(1024M) 1.770ms
[2020-02-25T02:37:36.460+0000][gc,cpu        ] GC(2) User=0.01s Sys=0.00s Real=0.00s
[2020-02-25T02:37:36.460+0000][gc,marking    ] GC(2) Concurrent Rebuild Remembered Sets
[2020-02-25T02:37:36.470+0000][gc,marking    ] GC(2) Concurrent Rebuild Remembered Sets 10.115ms
[2020-02-25T02:37:36.471+0000][gc,start      ] GC(2) Pause Cleanup
[2020-02-25T02:37:36.471+0000][gc            ] GC(2) Pause Cleanup 12M->12M(1024M) 0.235ms
[2020-02-25T02:37:36.471+0000][gc,cpu        ] GC(2) User=0.00s Sys=0.00s Real=0.00s
[2020-02-25T02:37:36.471+0000][gc,marking    ] GC(2) Concurrent Cleanup for Next Mark
[2020-02-25T02:37:36.476+0000][gc,marking    ] GC(2) Concurrent Cleanup for Next Mark 4.789ms
[2020-02-25T02:37:36.476+0000][gc            ] GC(2) Concurrent Cycle 29.268ms
[2020-02-25T02:37:37.392+0000][gc,start      ] GC(3) Pause Young (Normal) (G1 Evacuation Pause)
[2020-02-25T02:37:37.392+0000][gc,task       ] GC(3) Using 2 workers of 2 for evacuation
[2020-02-25T02:37:37.408+0000][gc,phases     ] GC(3)   Pre Evacuate Collection Set: 0.0ms
[2020-02-25T02:37:37.408+0000][gc,phases     ] GC(3)   Evacuate Collection Set: 15.1ms
[2020-02-25T02:37:37.408+0000][gc,phases     ] GC(3)   Post Evacuate Collection Set: 0.3ms
[2020-02-25T02:37:37.408+0000][gc,phases     ] GC(3)   Other: 0.1ms
[2020-02-25T02:37:37.408+0000][gc,heap       ] GC(3) Eden regions: 50->0(45)
[2020-02-25T02:37:37.408+0000][gc,heap       ] GC(3) Survivor regions: 1->6(7)
[2020-02-25T02:37:37.408+0000][gc,heap       ] GC(3) Old regions: 10->10
[2020-02-25T02:37:37.408+0000][gc,heap       ] GC(3) Humongous regions: 131->131
[2020-02-25T02:37:37.408+0000][gc,metaspace  ] GC(3) Metaspace: 31048K->31048K(1077248K)
[2020-02-25T02:37:37.408+0000][gc            ] GC(3) Pause Young (Normal) (G1 Evacuation Pause) 189M->144M(1024M) 15.576ms
[2020-02-25T02:37:37.408+0000][gc,cpu        ] GC(3) User=0.02s Sys=0.00s Real=0.02s
[2020-02-25T02:37:37.633+0000][gc,start      ] GC(4) Pause Young (Concurrent Start) (Metadata GC Threshold)
[2020-02-25T02:37:37.633+0000][gc,task       ] GC(4) Using 2 workers of 2 for evacuation
[2020-02-25T02:37:37.646+0000][gc,phases     ] GC(4)   Pre Evacuate Collection Set: 0.1ms
[2020-02-25T02:37:37.646+0000][gc,phases     ] GC(4)   Evacuate Collection Set: 12.4ms
[2020-02-25T02:37:37.646+0000][gc,phases     ] GC(4)   Post Evacuate Collection Set: 0.3ms
[2020-02-25T02:37:37.646+0000][gc,phases     ] GC(4)   Other: 0.1ms
[2020-02-25T02:37:37.646+0000][gc,heap       ] GC(4) Eden regions: 14->0(50)
[2020-02-25T02:37:37.646+0000][gc,heap       ] GC(4) Survivor regions: 6->1(7)
[2020-02-25T02:37:37.646+0000][gc,heap       ] GC(4) Old regions: 10->15
[2020-02-25T02:37:37.646+0000][gc,heap       ] GC(4) Humongous regions: 131->131
[2020-02-25T02:37:37.646+0000][gc,metaspace  ] GC(4) Metaspace: 34153K->34153K(1081344K)
[2020-02-25T02:37:37.646+0000][gc            ] GC(4) Pause Young (Concurrent Start) (Metadata GC Threshold) 157M->145M(1024M) 13.001ms
[2020-02-25T02:37:37.646+0000][gc,cpu        ] GC(4) User=0.02s Sys=0.00s Real=0.02s
[2020-02-25T02:37:37.646+0000][gc            ] GC(5) Concurrent Cycle
[2020-02-25T02:37:37.646+0000][gc,marking    ] GC(5) Concurrent Clear Claimed Marks
[2020-02-25T02:37:37.646+0000][gc,marking    ] GC(5) Concurrent Clear Claimed Marks 0.069ms
[2020-02-25T02:37:37.646+0000][gc,marking    ] GC(5) Concurrent Scan Root Regions
[2020-02-25T02:37:37.647+0000][gc,marking    ] GC(5) Concurrent Scan Root Regions 0.579ms
[2020-02-25T02:37:37.647+0000][gc,marking    ] GC(5) Concurrent Mark (2.233s)
[2020-02-25T02:37:37.647+0000][gc,marking    ] GC(5) Concurrent Mark From Roots
[2020-02-25T02:37:37.647+0000][gc,task       ] GC(5) Using 1 workers of 1 for marking
[2020-02-25T02:37:37.675+0000][gc,marking    ] GC(5) Concurrent Mark From Roots 28.155ms
[2020-02-25T02:37:37.675+0000][gc,marking    ] GC(5) Concurrent Preclean
[2020-02-25T02:37:37.675+0000][gc,marking    ] GC(5) Concurrent Preclean 0.047ms
[2020-02-25T02:37:37.675+0000][gc,marking    ] GC(5) Concurrent Mark (2.233s, 2.261s) 28.230ms
[2020-02-25T02:37:37.677+0000][gc,start      ] GC(5) Pause Remark
[2020-02-25T02:37:37.681+0000][gc,stringtable] GC(5) Cleaned string and symbol table, strings: 12080 processed, 7 removed, symbols: 82544 processed, 23 removed
[2020-02-25T02:37:37.682+0000][gc            ] GC(5) Pause Remark 147M->147M(1024M) 4.092ms
[2020-02-25T02:37:37.682+0000][gc,cpu        ] GC(5) User=0.00s Sys=0.00s Real=0.00s
[2020-02-25T02:37:37.682+0000][gc,marking    ] GC(5) Concurrent Rebuild Remembered Sets
[2020-02-25T02:37:37.700+0000][gc,marking    ] GC(5) Concurrent Rebuild Remembered Sets 18.038ms
[2020-02-25T02:37:37.701+0000][gc,start      ] GC(5) Pause Cleanup
[2020-02-25T02:37:37.701+0000][gc            ] GC(5) Pause Cleanup 148M->148M(1024M) 0.148ms
[2020-02-25T02:37:37.701+0000][gc,cpu        ] GC(5) User=0.00s Sys=0.00s Real=0.00s
[2020-02-25T02:37:37.701+0000][gc,marking    ] GC(5) Concurrent Cleanup for Next Mark
[2020-02-25T02:37:37.716+0000][gc,marking    ] GC(5) Concurrent Cleanup for Next Mark 14.769ms
[2020-02-25T02:37:37.716+0000][gc            ] GC(5) Concurrent Cycle 69.625ms
[2020-02-25T02:40:18.468+0000][gc,heap,exit  ] Heap
[2020-02-25T02:40:18.468+0000][gc,heap,exit  ]  garbage-first heap   total 1048576K, used 197796K [0x00000000c0000000, 0x0000000100000000)
[2020-02-25T02:40:18.468+0000][gc,heap,exit  ]   region size 1024K, 45 young (46080K), 1 survivors (1024K)
[2020-02-25T02:40:18.468+0000][gc,heap,exit  ]  Metaspace       used 39771K, capacity 42272K, committed 42448K, reserved 1085440K
[2020-02-25T02:40:18.468+0000][gc,heap,exit  ]   class space    used 5332K, capacity 6624K, committed 6704K, reserved 1048576K
