[2020-02-25T02:20:56.148+0000][gc,heap] Heap region size: 1M
[2020-02-25T02:20:56.155+0000][gc     ] Using G1
[2020-02-25T02:20:56.155+0000][gc,heap,coops] Heap address: 0x00000000c0000000, size: 1024 MB, Compressed Oops mode: 32-bit
[2020-02-25T02:20:56.155+0000][gc,cds       ] Mark closed archive regions in map: [0x00000000fff00000, 0x00000000fff69ff8]
[2020-02-25T02:20:56.155+0000][gc,cds       ] Mark open archive regions in map: [0x00000000ffe00000, 0x00000000ffe43ff8]
[2020-02-25T02:20:57.071+0000][gc,start     ] GC(0) Pause Young (Normal) (G1 Evacuation Pause)
[2020-02-25T02:20:57.072+0000][gc,task      ] GC(0) Using 2 workers of 2 for evacuation
[2020-02-25T02:20:57.080+0000][gc,phases    ] GC(0)   Pre Evacuate Collection Set: 0.0ms
[2020-02-25T02:20:57.080+0000][gc,phases    ] GC(0)   Evacuate Collection Set: 8.2ms
[2020-02-25T02:20:57.080+0000][gc,phases    ] GC(0)   Post Evacuate Collection Set: 0.4ms
[2020-02-25T02:20:57.080+0000][gc,phases    ] GC(0)   Other: 0.2ms
[2020-02-25T02:20:57.080+0000][gc,heap      ] GC(0) Eden regions: 51->0(44)
[2020-02-25T02:20:57.080+0000][gc,heap      ] GC(0) Survivor regions: 0->7(7)
[2020-02-25T02:20:57.080+0000][gc,heap      ] GC(0) Old regions: 2->3
[2020-02-25T02:20:57.080+0000][gc,heap      ] GC(0) Humongous regions: 2->2
[2020-02-25T02:20:57.080+0000][gc,metaspace ] GC(0) Metaspace: 18863K->18863K(1067008K)
[2020-02-25T02:20:57.080+0000][gc           ] GC(0) Pause Young (Normal) (G1 Evacuation Pause) 53M->9M(1024M) 8.913ms
[2020-02-25T02:20:57.080+0000][gc,cpu       ] GC(0) User=0.02s Sys=0.00s Real=0.01s
[2020-02-25T02:20:57.186+0000][gc,start     ] GC(1) Pause Young (Concurrent Start) (Metadata GC Threshold)
[2020-02-25T02:20:57.186+0000][gc,task      ] GC(1) Using 2 workers of 2 for evacuation
[2020-02-25T02:20:57.196+0000][gc,phases    ] GC(1)   Pre Evacuate Collection Set: 0.0ms
[2020-02-25T02:20:57.196+0000][gc,phases    ] GC(1)   Evacuate Collection Set: 9.7ms
[2020-02-25T02:20:57.196+0000][gc,phases    ] GC(1)   Post Evacuate Collection Set: 0.5ms
[2020-02-25T02:20:57.196+0000][gc,phases    ] GC(1)   Other: 0.1ms
[2020-02-25T02:20:57.196+0000][gc,heap      ] GC(1) Eden regions: 7->0(50)
[2020-02-25T02:20:57.196+0000][gc,heap      ] GC(1) Survivor regions: 7->1(7)
[2020-02-25T02:20:57.196+0000][gc,heap      ] GC(1) Old regions: 3->10
[2020-02-25T02:20:57.196+0000][gc,heap      ] GC(1) Humongous regions: 2->2
[2020-02-25T02:20:57.196+0000][gc,metaspace ] GC(1) Metaspace: 20587K->20587K(1067008K)
[2020-02-25T02:20:57.196+0000][gc           ] GC(1) Pause Young (Concurrent Start) (Metadata GC Threshold) 16M->10M(1024M) 10.434ms
[2020-02-25T02:20:57.197+0000][gc,cpu       ] GC(1) User=0.02s Sys=0.00s Real=0.01s
[2020-02-25T02:20:57.197+0000][gc           ] GC(2) Concurrent Cycle
[2020-02-25T02:20:57.197+0000][gc,marking   ] GC(2) Concurrent Clear Claimed Marks
[2020-02-25T02:20:57.197+0000][gc,marking   ] GC(2) Concurrent Clear Claimed Marks 0.018ms
[2020-02-25T02:20:57.197+0000][gc,marking   ] GC(2) Concurrent Scan Root Regions
[2020-02-25T02:20:57.197+0000][gc,marking   ] GC(2) Concurrent Scan Root Regions 0.422ms
[2020-02-25T02:20:57.197+0000][gc,marking   ] GC(2) Concurrent Mark (1.051s)
[2020-02-25T02:20:57.197+0000][gc,marking   ] GC(2) Concurrent Mark From Roots
[2020-02-25T02:20:57.197+0000][gc,task      ] GC(2) Using 1 workers of 1 for marking
[2020-02-25T02:20:57.214+0000][gc,marking   ] GC(2) Concurrent Mark From Roots 16.726ms
[2020-02-25T02:20:57.214+0000][gc,marking   ] GC(2) Concurrent Preclean
[2020-02-25T02:20:57.214+0000][gc,marking   ] GC(2) Concurrent Preclean 0.051ms
[2020-02-25T02:20:57.214+0000][gc,marking   ] GC(2) Concurrent Mark (1.051s, 1.067s) 16.807ms
[2020-02-25T02:20:57.215+0000][gc,start     ] GC(2) Pause Remark
[2020-02-25T02:20:57.218+0000][gc,stringtable] GC(2) Cleaned string and symbol table, strings: 6493 processed, 0 removed, symbols: 52875 processed, 49 removed
[2020-02-25T02:20:57.218+0000][gc            ] GC(2) Pause Remark 12M->12M(1024M) 2.596ms
[2020-02-25T02:20:57.218+0000][gc,cpu        ] GC(2) User=0.00s Sys=0.00s Real=0.00s
[2020-02-25T02:20:57.218+0000][gc,marking    ] GC(2) Concurrent Rebuild Remembered Sets
[2020-02-25T02:20:57.224+0000][gc,marking    ] GC(2) Concurrent Rebuild Remembered Sets 5.704ms
[2020-02-25T02:20:57.224+0000][gc,start      ] GC(2) Pause Cleanup
[2020-02-25T02:20:57.224+0000][gc            ] GC(2) Pause Cleanup 12M->12M(1024M) 0.242ms
[2020-02-25T02:20:57.224+0000][gc,cpu        ] GC(2) User=0.00s Sys=0.00s Real=0.00s
[2020-02-25T02:20:57.224+0000][gc,marking    ] GC(2) Concurrent Cleanup for Next Mark
[2020-02-25T02:20:57.229+0000][gc,marking    ] GC(2) Concurrent Cleanup for Next Mark 4.709ms
[2020-02-25T02:20:57.229+0000][gc            ] GC(2) Concurrent Cycle 32.145ms
[2020-02-25T02:20:57.913+0000][gc,start      ] GC(3) Pause Young (Concurrent Start) (GCLocker Initiated GC)
[2020-02-25T02:20:57.913+0000][gc,task       ] GC(3) Using 2 workers of 2 for evacuation
[2020-02-25T02:20:57.919+0000][gc,phases     ] GC(3)   Pre Evacuate Collection Set: 0.1ms
[2020-02-25T02:20:57.919+0000][gc,phases     ] GC(3)   Evacuate Collection Set: 5.5ms
[2020-02-25T02:20:57.919+0000][gc,phases     ] GC(3)   Post Evacuate Collection Set: 0.3ms
[2020-02-25T02:20:57.919+0000][gc,phases     ] GC(3)   Other: 0.2ms
[2020-02-25T02:20:57.919+0000][gc,heap       ] GC(3) Eden regions: 51->0(46)
[2020-02-25T02:20:57.919+0000][gc,heap       ] GC(3) Survivor regions: 1->5(7)
[2020-02-25T02:20:57.920+0000][gc,heap       ] GC(3) Old regions: 10->10
[2020-02-25T02:20:57.920+0000][gc,heap       ] GC(3) Humongous regions: 131->131
[2020-02-25T02:20:57.920+0000][gc,metaspace  ] GC(3) Metaspace: 32251K->32251K(1079296K)
[2020-02-25T02:20:57.920+0000][gc            ] GC(3) Pause Young (Concurrent Start) (GCLocker Initiated GC) 189M->143M(1024M) 6.093ms
[2020-02-25T02:20:57.920+0000][gc,cpu        ] GC(3) User=0.01s Sys=0.00s Real=0.01s
[2020-02-25T02:20:57.920+0000][gc            ] GC(4) Concurrent Cycle
[2020-02-25T02:20:57.920+0000][gc,marking    ] GC(4) Concurrent Clear Claimed Marks
[2020-02-25T02:20:57.920+0000][gc,marking    ] GC(4) Concurrent Clear Claimed Marks 0.045ms
[2020-02-25T02:20:57.920+0000][gc,marking    ] GC(4) Concurrent Scan Root Regions
[2020-02-25T02:20:57.922+0000][gc,marking    ] GC(4) Concurrent Scan Root Regions 2.663ms
[2020-02-25T02:20:57.922+0000][gc,marking    ] GC(4) Concurrent Mark (1.776s)
[2020-02-25T02:20:57.922+0000][gc,marking    ] GC(4) Concurrent Mark From Roots
[2020-02-25T02:20:57.922+0000][gc,task       ] GC(4) Using 1 workers of 1 for marking
[2020-02-25T02:20:57.934+0000][gc,marking    ] GC(4) Concurrent Mark From Roots 11.360ms
[2020-02-25T02:20:57.934+0000][gc,marking    ] GC(4) Concurrent Preclean
[2020-02-25T02:20:57.934+0000][gc,marking    ] GC(4) Concurrent Preclean 0.045ms
[2020-02-25T02:20:57.934+0000][gc,marking    ] GC(4) Concurrent Mark (1.776s, 1.787s) 11.438ms
[2020-02-25T02:20:57.936+0000][gc,start      ] GC(4) Pause Remark
[2020-02-25T02:20:57.938+0000][gc,stringtable] GC(4) Cleaned string and symbol table, strings: 11620 processed, 8 removed, symbols: 79397 processed, 21 removed
[2020-02-25T02:20:57.938+0000][gc            ] GC(4) Pause Remark 144M->144M(1024M) 2.225ms
[2020-02-25T02:20:57.938+0000][gc,cpu        ] GC(4) User=0.01s Sys=0.00s Real=0.00s
[2020-02-25T02:20:57.938+0000][gc,marking    ] GC(4) Concurrent Rebuild Remembered Sets
[2020-02-25T02:20:57.945+0000][gc,marking    ] GC(4) Concurrent Rebuild Remembered Sets 6.157ms
[2020-02-25T02:20:57.947+0000][gc,start      ] GC(4) Pause Cleanup
[2020-02-25T02:20:57.947+0000][gc            ] GC(4) Pause Cleanup 144M->144M(1024M) 0.158ms
[2020-02-25T02:20:57.947+0000][gc,cpu        ] GC(4) User=0.00s Sys=0.00s Real=0.00s
[2020-02-25T02:20:57.947+0000][gc,marking    ] GC(4) Concurrent Cleanup for Next Mark
[2020-02-25T02:20:57.961+0000][gc,marking    ] GC(4) Concurrent Cleanup for Next Mark 14.046ms
[2020-02-25T02:20:57.961+0000][gc            ] GC(4) Concurrent Cycle 41.689ms
[2020-02-25T02:30:32.769+0000][gc,start      ] GC(5) Pause Young (Normal) (G1 Evacuation Pause)
[2020-02-25T02:30:32.769+0000][gc,task       ] GC(5) Using 2 workers of 2 for evacuation
[2020-02-25T02:30:32.787+0000][gc,phases     ] GC(5)   Pre Evacuate Collection Set: 0.0ms
[2020-02-25T02:30:32.787+0000][gc,phases     ] GC(5)   Evacuate Collection Set: 17.3ms
[2020-02-25T02:30:32.787+0000][gc,phases     ] GC(5)   Post Evacuate Collection Set: 0.5ms
[2020-02-25T02:30:32.787+0000][gc,phases     ] GC(5)   Other: 0.1ms
[2020-02-25T02:30:32.787+0000][gc,heap       ] GC(5) Eden regions: 46->0(48)
[2020-02-25T02:30:32.787+0000][gc,heap       ] GC(5) Survivor regions: 5->3(7)
[2020-02-25T02:30:32.787+0000][gc,heap       ] GC(5) Old regions: 10->14
[2020-02-25T02:30:32.787+0000][gc,heap       ] GC(5) Humongous regions: 131->131
[2020-02-25T02:30:32.787+0000][gc,metaspace  ] GC(5) Metaspace: 37711K->37711K(1083392K)
[2020-02-25T02:30:32.787+0000][gc            ] GC(5) Pause Young (Normal) (G1 Evacuation Pause) 189M->146M(1024M) 18.056ms
[2020-02-25T02:30:32.787+0000][gc,cpu        ] GC(5) User=0.02s Sys=0.01s Real=0.02s
[2020-02-25T02:35:10.375+0000][gc,heap,exit  ] Heap
[2020-02-25T02:35:10.375+0000][gc,heap,exit  ]  garbage-first heap   total 1048576K, used 185353K [0x00000000c0000000, 0x0000000100000000)
[2020-02-25T02:35:10.375+0000][gc,heap,exit  ]   region size 1024K, 39 young (39936K), 3 survivors (3072K)
[2020-02-25T02:35:10.375+0000][gc,heap,exit  ]  Metaspace       used 40836K, capacity 43496K, committed 43696K, reserved 1085440K
[2020-02-25T02:35:10.375+0000][gc,heap,exit  ]   class space    used 5443K, capacity 6768K, committed 6832K, reserved 1048576K
