[2020-02-25T02:48:46.914+0000][gc,heap] Heap region size: 1M
[2020-02-25T02:48:46.920+0000][gc     ] Using G1
[2020-02-25T02:48:46.920+0000][gc,heap,coops] Heap address: 0x00000000c0000000, size: 1024 MB, Compressed Oops mode: 32-bit
[2020-02-25T02:48:46.920+0000][gc,cds       ] Mark closed archive regions in map: [0x00000000fff00000, 0x00000000fff69ff8]
[2020-02-25T02:48:46.920+0000][gc,cds       ] Mark open archive regions in map: [0x00000000ffe00000, 0x00000000ffe43ff8]
[2020-02-25T02:48:47.846+0000][gc,start     ] GC(0) Pause Young (Normal) (G1 Evacuation Pause)
[2020-02-25T02:48:47.847+0000][gc,task      ] GC(0) Using 2 workers of 2 for evacuation
[2020-02-25T02:48:47.855+0000][gc,phases    ] GC(0)   Pre Evacuate Collection Set: 0.0ms
[2020-02-25T02:48:47.855+0000][gc,phases    ] GC(0)   Evacuate Collection Set: 7.7ms
[2020-02-25T02:48:47.855+0000][gc,phases    ] GC(0)   Post Evacuate Collection Set: 0.3ms
[2020-02-25T02:48:47.855+0000][gc,phases    ] GC(0)   Other: 0.2ms
[2020-02-25T02:48:47.855+0000][gc,heap      ] GC(0) Eden regions: 51->0(44)
[2020-02-25T02:48:47.855+0000][gc,heap      ] GC(0) Survivor regions: 0->7(7)
[2020-02-25T02:48:47.855+0000][gc,heap      ] GC(0) Old regions: 2->3
[2020-02-25T02:48:47.855+0000][gc,heap      ] GC(0) Humongous regions: 2->2
[2020-02-25T02:48:47.855+0000][gc,metaspace ] GC(0) Metaspace: 19040K->19040K(1067008K)
[2020-02-25T02:48:47.855+0000][gc           ] GC(0) Pause Young (Normal) (G1 Evacuation Pause) 53M->9M(1024M) 8.306ms
[2020-02-25T02:48:47.855+0000][gc,cpu       ] GC(0) User=0.02s Sys=0.00s Real=0.01s
[2020-02-25T02:48:47.974+0000][gc,start     ] GC(1) Pause Young (Concurrent Start) (Metadata GC Threshold)
[2020-02-25T02:48:47.974+0000][gc,task      ] GC(1) Using 2 workers of 2 for evacuation
[2020-02-25T02:48:47.985+0000][gc,phases    ] GC(1)   Pre Evacuate Collection Set: 0.1ms
[2020-02-25T02:48:47.985+0000][gc,phases    ] GC(1)   Evacuate Collection Set: 10.4ms
[2020-02-25T02:48:47.985+0000][gc,phases    ] GC(1)   Post Evacuate Collection Set: 0.4ms
[2020-02-25T02:48:47.985+0000][gc,phases    ] GC(1)   Other: 0.1ms
[2020-02-25T02:48:47.985+0000][gc,heap      ] GC(1) Eden regions: 7->0(50)
[2020-02-25T02:48:47.985+0000][gc,heap      ] GC(1) Survivor regions: 7->1(7)
[2020-02-25T02:48:47.985+0000][gc,heap      ] GC(1) Old regions: 3->10
[2020-02-25T02:48:47.985+0000][gc,heap      ] GC(1) Humongous regions: 2->2
[2020-02-25T02:48:47.985+0000][gc,metaspace ] GC(1) Metaspace: 20610K->20610K(1067008K)
[2020-02-25T02:48:47.985+0000][gc           ] GC(1) Pause Young (Concurrent Start) (Metadata GC Threshold) 16M->10M(1024M) 11.024ms
[2020-02-25T02:48:47.985+0000][gc,cpu       ] GC(1) User=0.02s Sys=0.01s Real=0.02s
[2020-02-25T02:48:47.985+0000][gc           ] GC(2) Concurrent Cycle
[2020-02-25T02:48:47.985+0000][gc,marking   ] GC(2) Concurrent Clear Claimed Marks
[2020-02-25T02:48:47.985+0000][gc,marking   ] GC(2) Concurrent Clear Claimed Marks 0.021ms
[2020-02-25T02:48:47.985+0000][gc,marking   ] GC(2) Concurrent Scan Root Regions
[2020-02-25T02:48:47.986+0000][gc,marking   ] GC(2) Concurrent Scan Root Regions 0.558ms
[2020-02-25T02:48:47.986+0000][gc,marking   ] GC(2) Concurrent Mark (1.074s)
[2020-02-25T02:48:47.986+0000][gc,marking   ] GC(2) Concurrent Mark From Roots
[2020-02-25T02:48:47.986+0000][gc,task      ] GC(2) Using 1 workers of 1 for marking
[2020-02-25T02:48:47.998+0000][gc,marking   ] GC(2) Concurrent Mark From Roots 12.320ms
[2020-02-25T02:48:47.998+0000][gc,marking   ] GC(2) Concurrent Preclean
[2020-02-25T02:48:47.998+0000][gc,marking   ] GC(2) Concurrent Preclean 0.051ms
[2020-02-25T02:48:47.998+0000][gc,marking   ] GC(2) Concurrent Mark (1.074s, 1.086s) 12.404ms
[2020-02-25T02:48:47.998+0000][gc,start     ] GC(2) Pause Remark
[2020-02-25T02:48:48.000+0000][gc,stringtable] GC(2) Cleaned string and symbol table, strings: 6493 processed, 0 removed, symbols: 52877 processed, 49 removed
[2020-02-25T02:48:48.000+0000][gc            ] GC(2) Pause Remark 11M->11M(1024M) 2.227ms
[2020-02-25T02:48:48.000+0000][gc,cpu        ] GC(2) User=0.00s Sys=0.00s Real=0.00s
[2020-02-25T02:48:48.000+0000][gc,marking    ] GC(2) Concurrent Rebuild Remembered Sets
[2020-02-25T02:48:48.009+0000][gc,marking    ] GC(2) Concurrent Rebuild Remembered Sets 8.757ms
[2020-02-25T02:48:48.011+0000][gc,start      ] GC(2) Pause Cleanup
[2020-02-25T02:48:48.012+0000][gc            ] GC(2) Pause Cleanup 11M->11M(1024M) 0.229ms
[2020-02-25T02:48:48.012+0000][gc,cpu        ] GC(2) User=0.00s Sys=0.00s Real=0.00s
[2020-02-25T02:48:48.012+0000][gc,marking    ] GC(2) Concurrent Cleanup for Next Mark
[2020-02-25T02:48:48.018+0000][gc,marking    ] GC(2) Concurrent Cleanup for Next Mark 6.325ms
[2020-02-25T02:48:48.018+0000][gc            ] GC(2) Concurrent Cycle 33.036ms
[2020-02-25T02:48:48.967+0000][gc,start      ] GC(3) Pause Young (Concurrent Start) (G1 Evacuation Pause)
[2020-02-25T02:48:48.967+0000][gc,task       ] GC(3) Using 2 workers of 2 for evacuation
[2020-02-25T02:48:48.973+0000][gc,phases     ] GC(3)   Pre Evacuate Collection Set: 0.1ms
[2020-02-25T02:48:48.974+0000][gc,phases     ] GC(3)   Evacuate Collection Set: 6.2ms
[2020-02-25T02:48:48.974+0000][gc,phases     ] GC(3)   Post Evacuate Collection Set: 0.5ms
[2020-02-25T02:48:48.974+0000][gc,phases     ] GC(3)   Other: 0.1ms
[2020-02-25T02:48:48.974+0000][gc,heap       ] GC(3) Eden regions: 50->0(45)
[2020-02-25T02:48:48.974+0000][gc,heap       ] GC(3) Survivor regions: 1->6(7)
[2020-02-25T02:48:48.974+0000][gc,heap       ] GC(3) Old regions: 10->10
[2020-02-25T02:48:48.974+0000][gc,heap       ] GC(3) Humongous regions: 131->131
[2020-02-25T02:48:48.974+0000][gc,metaspace  ] GC(3) Metaspace: 31171K->31171K(1077248K)
[2020-02-25T02:48:48.974+0000][gc            ] GC(3) Pause Young (Concurrent Start) (G1 Evacuation Pause) 189M->143M(1024M) 7.049ms
[2020-02-25T02:48:48.974+0000][gc,cpu        ] GC(3) User=0.02s Sys=0.00s Real=0.00s
[2020-02-25T02:48:48.974+0000][gc            ] GC(4) Concurrent Cycle
[2020-02-25T02:48:48.974+0000][gc,marking    ] GC(4) Concurrent Clear Claimed Marks
[2020-02-25T02:48:48.974+0000][gc,marking    ] GC(4) Concurrent Clear Claimed Marks 0.037ms
[2020-02-25T02:48:48.974+0000][gc,marking    ] GC(4) Concurrent Scan Root Regions
[2020-02-25T02:48:48.976+0000][gc,marking    ] GC(4) Concurrent Scan Root Regions 2.644ms
[2020-02-25T02:48:48.976+0000][gc,marking    ] GC(4) Concurrent Mark (2.065s)
[2020-02-25T02:48:48.976+0000][gc,marking    ] GC(4) Concurrent Mark From Roots
[2020-02-25T02:48:48.976+0000][gc,task       ] GC(4) Using 1 workers of 1 for marking
[2020-02-25T02:48:49.010+0000][gc,marking    ] GC(4) Concurrent Mark From Roots 33.284ms
[2020-02-25T02:48:49.010+0000][gc,marking    ] GC(4) Concurrent Preclean
[2020-02-25T02:48:49.010+0000][gc,marking    ] GC(4) Concurrent Preclean 0.047ms
[2020-02-25T02:48:49.010+0000][gc,marking    ] GC(4) Concurrent Mark (2.065s, 2.098s) 33.360ms
[2020-02-25T02:48:49.010+0000][gc,start      ] GC(4) Pause Remark
[2020-02-25T02:48:49.014+0000][gc,stringtable] GC(4) Cleaned string and symbol table, strings: 11468 processed, 7 removed, symbols: 77152 processed, 24 removed
[2020-02-25T02:48:49.014+0000][gc            ] GC(4) Pause Remark 145M->145M(1024M) 4.054ms
[2020-02-25T02:48:49.014+0000][gc,cpu        ] GC(4) User=0.00s Sys=0.00s Real=0.00s
[2020-02-25T02:48:49.014+0000][gc,marking    ] GC(4) Concurrent Rebuild Remembered Sets
[2020-02-25T02:48:49.030+0000][gc,marking    ] GC(4) Concurrent Rebuild Remembered Sets 16.100ms
[2020-02-25T02:48:49.034+0000][gc,start      ] GC(4) Pause Cleanup
[2020-02-25T02:48:49.035+0000][gc            ] GC(4) Pause Cleanup 147M->147M(1024M) 0.245ms
[2020-02-25T02:48:49.035+0000][gc,cpu        ] GC(4) User=0.00s Sys=0.00s Real=0.00s
[2020-02-25T02:48:49.039+0000][gc,marking    ] GC(4) Concurrent Cleanup for Next Mark
[2020-02-25T02:48:49.045+0000][gc,marking    ] GC(4) Concurrent Cleanup for Next Mark 6.205ms
[2020-02-25T02:48:49.045+0000][gc            ] GC(4) Concurrent Cycle 71.550ms
[2020-02-25T02:55:12.820+0000][gc,start      ] GC(5) Pause Young (Normal) (G1 Evacuation Pause)
[2020-02-25T02:55:12.820+0000][gc,task       ] GC(5) Using 2 workers of 2 for evacuation
[2020-02-25T02:55:12.828+0000][gc,phases     ] GC(5)   Pre Evacuate Collection Set: 0.0ms
[2020-02-25T02:55:12.828+0000][gc,phases     ] GC(5)   Evacuate Collection Set: 7.8ms
[2020-02-25T02:55:12.828+0000][gc,phases     ] GC(5)   Post Evacuate Collection Set: 0.6ms
[2020-02-25T02:55:12.829+0000][gc,phases     ] GC(5)   Other: 0.1ms
[2020-02-25T02:55:12.829+0000][gc,heap       ] GC(5) Eden regions: 45->0(49)
[2020-02-25T02:55:12.829+0000][gc,heap       ] GC(5) Survivor regions: 6->2(7)
[2020-02-25T02:55:12.829+0000][gc,heap       ] GC(5) Old regions: 10->15
[2020-02-25T02:55:12.829+0000][gc,heap       ] GC(5) Humongous regions: 143->131
[2020-02-25T02:55:12.829+0000][gc,metaspace  ] GC(5) Metaspace: 37070K->37070K(1083392K)
[2020-02-25T02:55:12.829+0000][gc            ] GC(5) Pause Young (Normal) (G1 Evacuation Pause) 200M->145M(1024M) 8.672ms
[2020-02-25T02:55:12.829+0000][gc,cpu        ] GC(5) User=0.02s Sys=0.00s Real=0.01s
