[2020-02-25T01:30:34.219+0000][gc,heap] Heap region size: 1M
[2020-02-25T01:30:34.226+0000][gc     ] Using G1
[2020-02-25T01:30:34.226+0000][gc,heap,coops] Heap address: 0x00000000c0000000, size: 1024 MB, Compressed Oops mode: 32-bit
[2020-02-25T01:30:34.226+0000][gc,cds       ] Mark closed archive regions in map: [0x00000000fff00000, 0x00000000fff69ff8]
[2020-02-25T01:30:34.226+0000][gc,cds       ] Mark open archive regions in map: [0x00000000ffe00000, 0x00000000ffe43ff8]
[2020-02-25T01:30:35.198+0000][gc,start     ] GC(0) Pause Young (Normal) (G1 Evacuation Pause)
[2020-02-25T01:30:35.198+0000][gc,task      ] GC(0) Using 2 workers of 2 for evacuation
[2020-02-25T01:30:35.207+0000][gc,phases    ] GC(0)   Pre Evacuate Collection Set: 0.0ms
[2020-02-25T01:30:35.207+0000][gc,phases    ] GC(0)   Evacuate Collection Set: 8.2ms
[2020-02-25T01:30:35.207+0000][gc,phases    ] GC(0)   Post Evacuate Collection Set: 0.3ms
[2020-02-25T01:30:35.207+0000][gc,phases    ] GC(0)   Other: 0.6ms
[2020-02-25T01:30:35.207+0000][gc,heap      ] GC(0) Eden regions: 51->0(44)
[2020-02-25T01:30:35.207+0000][gc,heap      ] GC(0) Survivor regions: 0->7(7)
[2020-02-25T01:30:35.207+0000][gc,heap      ] GC(0) Old regions: 2->3
[2020-02-25T01:30:35.207+0000][gc,heap      ] GC(0) Humongous regions: 2->2
[2020-02-25T01:30:35.207+0000][gc,metaspace ] GC(0) Metaspace: 19159K->19159K(1067008K)
[2020-02-25T01:30:35.207+0000][gc           ] GC(0) Pause Young (Normal) (G1 Evacuation Pause) 53M->9M(1024M) 9.138ms
[2020-02-25T01:30:35.207+0000][gc,cpu       ] GC(0) User=0.01s Sys=0.00s Real=0.01s
[2020-02-25T01:30:35.317+0000][gc,start     ] GC(1) Pause Young (Concurrent Start) (Metadata GC Threshold)
[2020-02-25T01:30:35.317+0000][gc,task      ] GC(1) Using 2 workers of 2 for evacuation
[2020-02-25T01:30:35.325+0000][gc,phases    ] GC(1)   Pre Evacuate Collection Set: 0.0ms
[2020-02-25T01:30:35.325+0000][gc,phases    ] GC(1)   Evacuate Collection Set: 7.6ms
[2020-02-25T01:30:35.325+0000][gc,phases    ] GC(1)   Post Evacuate Collection Set: 0.2ms
[2020-02-25T01:30:35.325+0000][gc,phases    ] GC(1)   Other: 0.2ms
[2020-02-25T01:30:35.325+0000][gc,heap      ] GC(1) Eden regions: 6->0(50)
[2020-02-25T01:30:35.325+0000][gc,heap      ] GC(1) Survivor regions: 7->1(7)
[2020-02-25T01:30:35.325+0000][gc,heap      ] GC(1) Old regions: 3->10
[2020-02-25T01:30:35.325+0000][gc,heap      ] GC(1) Humongous regions: 2->2
[2020-02-25T01:30:35.325+0000][gc,metaspace ] GC(1) Metaspace: 20585K->20585K(1067008K)
[2020-02-25T01:30:35.325+0000][gc           ] GC(1) Pause Young (Concurrent Start) (Metadata GC Threshold) 15M->10M(1024M) 8.074ms
[2020-02-25T01:30:35.325+0000][gc,cpu       ] GC(1) User=0.01s Sys=0.00s Real=0.01s
[2020-02-25T01:30:35.325+0000][gc           ] GC(2) Concurrent Cycle
[2020-02-25T01:30:35.325+0000][gc,marking   ] GC(2) Concurrent Clear Claimed Marks
[2020-02-25T01:30:35.325+0000][gc,marking   ] GC(2) Concurrent Clear Claimed Marks 0.036ms
[2020-02-25T01:30:35.325+0000][gc,marking   ] GC(2) Concurrent Scan Root Regions
[2020-02-25T01:30:35.326+0000][gc,marking   ] GC(2) Concurrent Scan Root Regions 0.332ms
[2020-02-25T01:30:35.326+0000][gc,marking   ] GC(2) Concurrent Mark (1.109s)
[2020-02-25T01:30:35.326+0000][gc,marking   ] GC(2) Concurrent Mark From Roots
[2020-02-25T01:30:35.326+0000][gc,task      ] GC(2) Using 1 workers of 1 for marking
[2020-02-25T01:30:35.339+0000][gc,marking   ] GC(2) Concurrent Mark From Roots 13.619ms
[2020-02-25T01:30:35.339+0000][gc,marking   ] GC(2) Concurrent Preclean
[2020-02-25T01:30:35.339+0000][gc,marking   ] GC(2) Concurrent Preclean 0.063ms
[2020-02-25T01:30:35.339+0000][gc,marking   ] GC(2) Concurrent Mark (1.109s, 1.122s) 13.744ms
[2020-02-25T01:30:35.340+0000][gc,start     ] GC(2) Pause Remark
[2020-02-25T01:30:35.341+0000][gc,stringtable] GC(2) Cleaned string and symbol table, strings: 6471 processed, 0 removed, symbols: 52770 processed, 49 removed
[2020-02-25T01:30:35.341+0000][gc            ] GC(2) Pause Remark 11M->11M(1024M) 1.814ms
[2020-02-25T01:30:35.341+0000][gc,cpu        ] GC(2) User=0.01s Sys=0.00s Real=0.00s
[2020-02-25T01:30:35.341+0000][gc,marking    ] GC(2) Concurrent Rebuild Remembered Sets
[2020-02-25T01:30:35.346+0000][gc,marking    ] GC(2) Concurrent Rebuild Remembered Sets 4.400ms
[2020-02-25T01:30:35.346+0000][gc,start      ] GC(2) Pause Cleanup
[2020-02-25T01:30:35.346+0000][gc            ] GC(2) Pause Cleanup 11M->11M(1024M) 0.205ms
[2020-02-25T01:30:35.346+0000][gc,cpu        ] GC(2) User=0.00s Sys=0.00s Real=0.00s
[2020-02-25T01:30:35.346+0000][gc,marking    ] GC(2) Concurrent Cleanup for Next Mark
[2020-02-25T01:30:35.361+0000][gc,marking    ] GC(2) Concurrent Cleanup for Next Mark 14.894ms
[2020-02-25T01:30:35.361+0000][gc            ] GC(2) Concurrent Cycle 35.859ms
[2020-02-25T01:30:36.106+0000][gc,start      ] GC(3) Pause Young (Concurrent Start) (G1 Evacuation Pause)
[2020-02-25T01:30:36.106+0000][gc,task       ] GC(3) Using 2 workers of 2 for evacuation
[2020-02-25T01:30:36.112+0000][gc,phases     ] GC(3)   Pre Evacuate Collection Set: 0.1ms
[2020-02-25T01:30:36.112+0000][gc,phases     ] GC(3)   Evacuate Collection Set: 5.7ms
[2020-02-25T01:30:36.112+0000][gc,phases     ] GC(3)   Post Evacuate Collection Set: 0.3ms
[2020-02-25T01:30:36.112+0000][gc,phases     ] GC(3)   Other: 0.1ms
[2020-02-25T01:30:36.112+0000][gc,heap       ] GC(3) Eden regions: 50->0(46)
[2020-02-25T01:30:36.112+0000][gc,heap       ] GC(3) Survivor regions: 1->5(7)
[2020-02-25T01:30:36.112+0000][gc,heap       ] GC(3) Old regions: 10->10
[2020-02-25T01:30:36.112+0000][gc,heap       ] GC(3) Humongous regions: 131->131
[2020-02-25T01:30:36.112+0000][gc,metaspace  ] GC(3) Metaspace: 32718K->32718K(1079296K)
[2020-02-25T01:30:36.112+0000][gc            ] GC(3) Pause Young (Concurrent Start) (G1 Evacuation Pause) 189M->143M(1024M) 6.219ms
[2020-02-25T01:30:36.112+0000][gc,cpu        ] GC(3) User=0.01s Sys=0.00s Real=0.00s
[2020-02-25T01:30:36.112+0000][gc            ] GC(4) Concurrent Cycle
[2020-02-25T01:30:36.112+0000][gc,marking    ] GC(4) Concurrent Clear Claimed Marks
[2020-02-25T01:30:36.112+0000][gc,marking    ] GC(4) Concurrent Clear Claimed Marks 0.049ms
[2020-02-25T01:30:36.112+0000][gc,marking    ] GC(4) Concurrent Scan Root Regions
[2020-02-25T01:30:36.115+0000][gc,marking    ] GC(4) Concurrent Scan Root Regions 2.703ms
[2020-02-25T01:30:36.115+0000][gc,marking    ] GC(4) Concurrent Mark (1.898s)
[2020-02-25T01:30:36.115+0000][gc,marking    ] GC(4) Concurrent Mark From Roots
[2020-02-25T01:30:36.115+0000][gc,task       ] GC(4) Using 1 workers of 1 for marking
[2020-02-25T01:30:36.129+0000][gc,marking    ] GC(4) Concurrent Mark From Roots 14.627ms
[2020-02-25T01:30:36.129+0000][gc,marking    ] GC(4) Concurrent Preclean
[2020-02-25T01:30:36.130+0000][gc,marking    ] GC(4) Concurrent Preclean 0.042ms
[2020-02-25T01:30:36.130+0000][gc,marking    ] GC(4) Concurrent Mark (1.898s, 1.912s) 14.705ms
[2020-02-25T01:30:36.130+0000][gc,start      ] GC(4) Pause Remark
[2020-02-25T01:30:36.132+0000][gc,stringtable] GC(4) Cleaned string and symbol table, strings: 11655 processed, 9 removed, symbols: 79706 processed, 20 removed
[2020-02-25T01:30:36.132+0000][gc            ] GC(4) Pause Remark 144M->144M(1024M) 2.092ms
[2020-02-25T01:30:36.132+0000][gc,cpu        ] GC(4) User=0.01s Sys=0.00s Real=0.00s
[2020-02-25T01:30:36.132+0000][gc,marking    ] GC(4) Concurrent Rebuild Remembered Sets
[2020-02-25T01:30:36.136+0000][gc,marking    ] GC(4) Concurrent Rebuild Remembered Sets 4.762ms
[2020-02-25T01:30:36.137+0000][gc,start      ] GC(4) Pause Cleanup
[2020-02-25T01:30:36.137+0000][gc            ] GC(4) Pause Cleanup 144M->144M(1024M) 0.111ms
[2020-02-25T01:30:36.137+0000][gc,cpu        ] GC(4) User=0.00s Sys=0.00s Real=0.00s
[2020-02-25T01:30:36.137+0000][gc,marking    ] GC(4) Concurrent Cleanup for Next Mark
[2020-02-25T01:30:36.141+0000][gc,marking    ] GC(4) Concurrent Cleanup for Next Mark 4.679ms
[2020-02-25T01:30:36.141+0000][gc            ] GC(4) Concurrent Cycle 29.353ms
[2020-02-25T02:06:09.687+0000][gc,heap,exit  ] Heap
[2020-02-25T02:06:09.687+0000][gc,heap,exit  ]  garbage-first heap   total 1048576K, used 176883K [0x00000000c0000000, 0x0000000100000000)
[2020-02-25T02:06:09.687+0000][gc,heap,exit  ]   region size 1024K, 36 young (36864K), 5 survivors (5120K)
[2020-02-25T02:06:09.687+0000][gc,heap,exit  ]  Metaspace       used 34561K, capacity 36056K, committed 36272K, reserved 1081344K
[2020-02-25T02:06:09.687+0000][gc,heap,exit  ]   class space    used 4236K, capacity 4967K, committed 5040K, reserved 1048576K
