[2020-02-25T01:18:31.919+0000][gc,heap] Heap region size: 1M
[2020-02-25T01:18:31.925+0000][gc     ] Using G1
[2020-02-25T01:18:31.925+0000][gc,heap,coops] Heap address: 0x00000000c0000000, size: 1024 MB, Compressed Oops mode: 32-bit
[2020-02-25T01:18:31.925+0000][gc,cds       ] Mark closed archive regions in map: [0x00000000fff00000, 0x00000000fff69ff8]
[2020-02-25T01:18:31.925+0000][gc,cds       ] Mark open archive regions in map: [0x00000000ffe00000, 0x00000000ffe43ff8]
[2020-02-25T01:18:32.850+0000][gc,start     ] GC(0) Pause Young (Normal) (G1 Evacuation Pause)
[2020-02-25T01:18:32.850+0000][gc,task      ] GC(0) Using 2 workers of 2 for evacuation
[2020-02-25T01:18:32.859+0000][gc,phases    ] GC(0)   Pre Evacuate Collection Set: 0.0ms
[2020-02-25T01:18:32.859+0000][gc,phases    ] GC(0)   Evacuate Collection Set: 7.9ms
[2020-02-25T01:18:32.859+0000][gc,phases    ] GC(0)   Post Evacuate Collection Set: 0.5ms
[2020-02-25T01:18:32.859+0000][gc,phases    ] GC(0)   Other: 0.2ms
[2020-02-25T01:18:32.859+0000][gc,heap      ] GC(0) Eden regions: 51->0(44)
[2020-02-25T01:18:32.859+0000][gc,heap      ] GC(0) Survivor regions: 0->7(7)
[2020-02-25T01:18:32.859+0000][gc,heap      ] GC(0) Old regions: 2->3
[2020-02-25T01:18:32.859+0000][gc,heap      ] GC(0) Humongous regions: 2->2
[2020-02-25T01:18:32.859+0000][gc,metaspace ] GC(0) Metaspace: 19168K->19168K(1067008K)
[2020-02-25T01:18:32.859+0000][gc           ] GC(0) Pause Young (Normal) (G1 Evacuation Pause) 53M->9M(1024M) 8.681ms
[2020-02-25T01:18:32.859+0000][gc,cpu       ] GC(0) User=0.01s Sys=0.00s Real=0.01s
[2020-02-25T01:18:32.975+0000][gc,start     ] GC(1) Pause Young (Concurrent Start) (Metadata GC Threshold)
[2020-02-25T01:18:32.975+0000][gc,task      ] GC(1) Using 2 workers of 2 for evacuation
[2020-02-25T01:18:32.985+0000][gc,phases    ] GC(1)   Pre Evacuate Collection Set: 0.0ms
[2020-02-25T01:18:32.985+0000][gc,phases    ] GC(1)   Evacuate Collection Set: 9.8ms
[2020-02-25T01:18:32.985+0000][gc,phases    ] GC(1)   Post Evacuate Collection Set: 0.2ms
[2020-02-25T01:18:32.985+0000][gc,phases    ] GC(1)   Other: 0.1ms
[2020-02-25T01:18:32.985+0000][gc,heap      ] GC(1) Eden regions: 6->0(50)
[2020-02-25T01:18:32.985+0000][gc,heap      ] GC(1) Survivor regions: 7->1(7)
[2020-02-25T01:18:32.985+0000][gc,heap      ] GC(1) Old regions: 3->10
[2020-02-25T01:18:32.985+0000][gc,heap      ] GC(1) Humongous regions: 2->2
[2020-02-25T01:18:32.985+0000][gc,metaspace ] GC(1) Metaspace: 20585K->20585K(1067008K)
[2020-02-25T01:18:32.985+0000][gc           ] GC(1) Pause Young (Concurrent Start) (Metadata GC Threshold) 15M->10M(1024M) 10.315ms
[2020-02-25T01:18:32.985+0000][gc,cpu       ] GC(1) User=0.01s Sys=0.00s Real=0.01s
[2020-02-25T01:18:32.985+0000][gc           ] GC(2) Concurrent Cycle
[2020-02-25T01:18:32.985+0000][gc,marking   ] GC(2) Concurrent Clear Claimed Marks
[2020-02-25T01:18:32.985+0000][gc,marking   ] GC(2) Concurrent Clear Claimed Marks 0.015ms
[2020-02-25T01:18:32.985+0000][gc,marking   ] GC(2) Concurrent Scan Root Regions
[2020-02-25T01:18:32.987+0000][gc,marking   ] GC(2) Concurrent Scan Root Regions 1.767ms
[2020-02-25T01:18:32.987+0000][gc,marking   ] GC(2) Concurrent Mark (1.070s)
[2020-02-25T01:18:32.987+0000][gc,marking   ] GC(2) Concurrent Mark From Roots
[2020-02-25T01:18:32.987+0000][gc,task      ] GC(2) Using 1 workers of 1 for marking
[2020-02-25T01:18:32.995+0000][gc,marking   ] GC(2) Concurrent Mark From Roots 8.333ms
[2020-02-25T01:18:32.995+0000][gc,marking   ] GC(2) Concurrent Preclean
[2020-02-25T01:18:32.995+0000][gc,marking   ] GC(2) Concurrent Preclean 0.043ms
[2020-02-25T01:18:32.995+0000][gc,marking   ] GC(2) Concurrent Mark (1.070s, 1.078s) 8.407ms
[2020-02-25T01:18:32.995+0000][gc,start     ] GC(2) Pause Remark
[2020-02-25T01:18:32.997+0000][gc,stringtable] GC(2) Cleaned string and symbol table, strings: 6470 processed, 0 removed, symbols: 52762 processed, 49 removed
[2020-02-25T01:18:32.997+0000][gc            ] GC(2) Pause Remark 11M->11M(1024M) 1.617ms
[2020-02-25T01:18:32.997+0000][gc,cpu        ] GC(2) User=0.01s Sys=0.00s Real=0.00s
[2020-02-25T01:18:32.997+0000][gc,marking    ] GC(2) Concurrent Rebuild Remembered Sets
[2020-02-25T01:18:33.001+0000][gc,marking    ] GC(2) Concurrent Rebuild Remembered Sets 4.391ms
[2020-02-25T01:18:33.002+0000][gc,start      ] GC(2) Pause Cleanup
[2020-02-25T01:18:33.002+0000][gc            ] GC(2) Pause Cleanup 11M->11M(1024M) 0.161ms
[2020-02-25T01:18:33.002+0000][gc,cpu        ] GC(2) User=0.00s Sys=0.00s Real=0.00s
[2020-02-25T01:18:33.002+0000][gc,marking    ] GC(2) Concurrent Cleanup for Next Mark
[2020-02-25T01:18:33.007+0000][gc,marking    ] GC(2) Concurrent Cleanup for Next Mark 4.831ms
[2020-02-25T01:18:33.007+0000][gc            ] GC(2) Concurrent Cycle 21.651ms
[2020-02-25T01:18:33.675+0000][gc,start      ] GC(3) Pause Young (Normal) (G1 Evacuation Pause)
[2020-02-25T01:18:33.675+0000][gc,task       ] GC(3) Using 2 workers of 2 for evacuation
[2020-02-25T01:18:33.684+0000][gc,phases     ] GC(3)   Pre Evacuate Collection Set: 0.0ms
[2020-02-25T01:18:33.684+0000][gc,phases     ] GC(3)   Evacuate Collection Set: 8.2ms
[2020-02-25T01:18:33.684+0000][gc,phases     ] GC(3)   Post Evacuate Collection Set: 0.3ms
[2020-02-25T01:18:33.684+0000][gc,phases     ] GC(3)   Other: 0.1ms
[2020-02-25T01:18:33.684+0000][gc,heap       ] GC(3) Eden regions: 50->0(46)
[2020-02-25T01:18:33.684+0000][gc,heap       ] GC(3) Survivor regions: 1->5(7)
[2020-02-25T01:18:33.684+0000][gc,heap       ] GC(3) Old regions: 10->10
[2020-02-25T01:18:33.684+0000][gc,heap       ] GC(3) Humongous regions: 131->131
[2020-02-25T01:18:33.684+0000][gc,metaspace  ] GC(3) Metaspace: 32416K->32416K(1079296K)
[2020-02-25T01:18:33.684+0000][gc            ] GC(3) Pause Young (Normal) (G1 Evacuation Pause) 189M->143M(1024M) 8.751ms
[2020-02-25T01:18:33.684+0000][gc,cpu        ] GC(3) User=0.02s Sys=0.00s Real=0.00s
[2020-02-25T01:20:12.012+0000][gc,start      ] GC(4) Pause Young (Concurrent Start) (Metadata GC Threshold)
[2020-02-25T01:20:12.012+0000][gc,task       ] GC(4) Using 2 workers of 2 for evacuation
[2020-02-25T01:20:12.018+0000][gc,phases     ] GC(4)   Pre Evacuate Collection Set: 0.1ms
[2020-02-25T01:20:12.018+0000][gc,phases     ] GC(4)   Evacuate Collection Set: 5.0ms
[2020-02-25T01:20:12.018+0000][gc,phases     ] GC(4)   Post Evacuate Collection Set: 1.1ms
[2020-02-25T01:20:12.018+0000][gc,phases     ] GC(4)   Other: 0.1ms
[2020-02-25T01:20:12.018+0000][gc,heap       ] GC(4) Eden regions: 14->0(50)
[2020-02-25T01:20:12.018+0000][gc,heap       ] GC(4) Survivor regions: 5->1(7)
[2020-02-25T01:20:12.018+0000][gc,heap       ] GC(4) Old regions: 10->13
[2020-02-25T01:20:12.018+0000][gc,heap       ] GC(4) Humongous regions: 131->2
[2020-02-25T01:20:12.018+0000][gc,metaspace  ] GC(4) Metaspace: 34204K->34204K(1081344K)
[2020-02-25T01:20:12.018+0000][gc            ] GC(4) Pause Young (Concurrent Start) (Metadata GC Threshold) 157M->13M(1024M) 6.325ms
[2020-02-25T01:20:12.018+0000][gc,cpu        ] GC(4) User=0.01s Sys=0.00s Real=0.01s
[2020-02-25T01:20:12.018+0000][gc            ] GC(5) Concurrent Cycle
[2020-02-25T01:20:12.018+0000][gc,marking    ] GC(5) Concurrent Clear Claimed Marks
[2020-02-25T01:20:12.018+0000][gc,marking    ] GC(5) Concurrent Clear Claimed Marks 0.042ms
[2020-02-25T01:20:12.018+0000][gc,marking    ] GC(5) Concurrent Scan Root Regions
[2020-02-25T01:20:12.019+0000][gc,marking    ] GC(5) Concurrent Scan Root Regions 0.406ms
[2020-02-25T01:20:12.019+0000][gc,marking    ] GC(5) Concurrent Mark (100.102s)
[2020-02-25T01:20:12.019+0000][gc,marking    ] GC(5) Concurrent Mark From Roots
[2020-02-25T01:20:12.019+0000][gc,task       ] GC(5) Using 1 workers of 1 for marking
[2020-02-25T01:20:12.034+0000][gc,marking    ] GC(5) Concurrent Mark From Roots 15.454ms
[2020-02-25T01:20:12.034+0000][gc,marking    ] GC(5) Concurrent Preclean
[2020-02-25T01:20:12.034+0000][gc,marking    ] GC(5) Concurrent Preclean 0.047ms
[2020-02-25T01:20:12.034+0000][gc,marking    ] GC(5) Concurrent Mark (100.102s, 100.117s) 15.535ms
[2020-02-25T01:20:12.034+0000][gc,start      ] GC(5) Pause Remark
[2020-02-25T01:20:12.037+0000][gc,stringtable] GC(5) Cleaned string and symbol table, strings: 11767 processed, 19 removed, symbols: 81586 processed, 21 removed
[2020-02-25T01:20:12.037+0000][gc            ] GC(5) Pause Remark 14M->14M(1024M) 2.517ms
[2020-02-25T01:20:12.037+0000][gc,cpu        ] GC(5) User=0.01s Sys=0.00s Real=0.01s
[2020-02-25T01:20:12.037+0000][gc,marking    ] GC(5) Concurrent Rebuild Remembered Sets
[2020-02-25T01:20:12.045+0000][gc,marking    ] GC(5) Concurrent Rebuild Remembered Sets 7.773ms
[2020-02-25T01:20:12.045+0000][gc,start      ] GC(5) Pause Cleanup
[2020-02-25T01:20:12.045+0000][gc            ] GC(5) Pause Cleanup 14M->14M(1024M) 0.220ms
[2020-02-25T01:20:12.045+0000][gc,cpu        ] GC(5) User=0.00s Sys=0.00s Real=0.00s
[2020-02-25T01:20:12.045+0000][gc,marking    ] GC(5) Concurrent Cleanup for Next Mark
[2020-02-25T01:20:12.050+0000][gc,marking    ] GC(5) Concurrent Cleanup for Next Mark 4.777ms
[2020-02-25T01:20:12.050+0000][gc            ] GC(5) Concurrent Cycle 31.732ms
[2020-02-25T01:20:12.050+0000][gc,heap,exit  ] Heap
[2020-02-25T01:20:12.050+0000][gc,heap,exit  ]  garbage-first heap   total 1048576K, used 14329K [0x00000000c0000000, 0x0000000100000000)
[2020-02-25T01:20:12.050+0000][gc,heap,exit  ]   region size 1024K, 2 young (2048K), 1 survivors (1024K)
[2020-02-25T01:20:12.050+0000][gc,heap,exit  ]  Metaspace       used 34233K, capacity 35805K, committed 36176K, reserved 1081344K
[2020-02-25T01:20:12.050+0000][gc,heap,exit  ]   class space    used 4240K, capacity 4974K, committed 5040K, reserved 1048576K
