[2020-02-25T02:06:14.619+0000][gc,heap] Heap region size: 1M
[2020-02-25T02:06:14.626+0000][gc     ] Using G1
[2020-02-25T02:06:14.626+0000][gc,heap,coops] Heap address: 0x00000000c0000000, size: 1024 MB, Compressed Oops mode: 32-bit
[2020-02-25T02:06:14.626+0000][gc,cds       ] Mark closed archive regions in map: [0x00000000fff00000, 0x00000000fff69ff8]
[2020-02-25T02:06:14.626+0000][gc,cds       ] Mark open archive regions in map: [0x00000000ffe00000, 0x00000000ffe43ff8]
[2020-02-25T02:06:15.255+0000][gc,heap,exit ] Heap
[2020-02-25T02:06:15.255+0000][gc,heap,exit ]  garbage-first heap   total 1048576K, used 33464K [0x00000000c0000000, 0x0000000100000000)
[2020-02-25T02:06:15.255+0000][gc,heap,exit ]   region size 1024K, 31 young (31744K), 0 survivors (0K)
[2020-02-25T02:06:15.255+0000][gc,heap,exit ]  Metaspace       used 12206K, capacity 12581K, committed 12928K, reserved 1060864K
[2020-02-25T02:06:15.255+0000][gc,heap,exit ]   class space    used 1497K, capacity 1650K, committed 1664K, reserved 1048576K
