[2020-02-25T02:42:45.302+0000][gc,heap] Heap region size: 1M
[2020-02-25T02:42:45.308+0000][gc     ] Using G1
[2020-02-25T02:42:45.308+0000][gc,heap,coops] Heap address: 0x00000000c0000000, size: 1024 MB, Compressed Oops mode: 32-bit
[2020-02-25T02:42:45.308+0000][gc,cds       ] Mark closed archive regions in map: [0x00000000fff00000, 0x00000000fff69ff8]
[2020-02-25T02:42:45.308+0000][gc,cds       ] Mark open archive regions in map: [0x00000000ffe00000, 0x00000000ffe43ff8]
[2020-02-25T02:42:46.227+0000][gc,start     ] GC(0) Pause Young (Normal) (G1 Evacuation Pause)
[2020-02-25T02:42:46.229+0000][gc,task      ] GC(0) Using 2 workers of 2 for evacuation
[2020-02-25T02:42:46.239+0000][gc,phases    ] GC(0)   Pre Evacuate Collection Set: 0.0ms
[2020-02-25T02:42:46.239+0000][gc,phases    ] GC(0)   Evacuate Collection Set: 9.5ms
[2020-02-25T02:42:46.239+0000][gc,phases    ] GC(0)   Post Evacuate Collection Set: 0.6ms
[2020-02-25T02:42:46.239+0000][gc,phases    ] GC(0)   Other: 1.9ms
[2020-02-25T02:42:46.239+0000][gc,heap      ] GC(0) Eden regions: 51->0(44)
[2020-02-25T02:42:46.239+0000][gc,heap      ] GC(0) Survivor regions: 0->7(7)
[2020-02-25T02:42:46.239+0000][gc,heap      ] GC(0) Old regions: 2->3
[2020-02-25T02:42:46.239+0000][gc,heap      ] GC(0) Humongous regions: 2->2
[2020-02-25T02:42:46.239+0000][gc,metaspace ] GC(0) Metaspace: 19105K->19105K(1067008K)
[2020-02-25T02:42:46.239+0000][gc           ] GC(0) Pause Young (Normal) (G1 Evacuation Pause) 53M->9M(1024M) 12.066ms
[2020-02-25T02:42:46.239+0000][gc,cpu       ] GC(0) User=0.01s Sys=0.00s Real=0.01s
[2020-02-25T02:42:46.349+0000][gc,start     ] GC(1) Pause Young (Concurrent Start) (Metadata GC Threshold)
[2020-02-25T02:42:46.349+0000][gc,task      ] GC(1) Using 2 workers of 2 for evacuation
[2020-02-25T02:42:46.360+0000][gc,phases    ] GC(1)   Pre Evacuate Collection Set: 0.0ms
[2020-02-25T02:42:46.360+0000][gc,phases    ] GC(1)   Evacuate Collection Set: 10.3ms
[2020-02-25T02:42:46.360+0000][gc,phases    ] GC(1)   Post Evacuate Collection Set: 0.3ms
[2020-02-25T02:42:46.360+0000][gc,phases    ] GC(1)   Other: 0.2ms
[2020-02-25T02:42:46.360+0000][gc,heap      ] GC(1) Eden regions: 7->0(50)
[2020-02-25T02:42:46.360+0000][gc,heap      ] GC(1) Survivor regions: 7->1(7)
[2020-02-25T02:42:46.360+0000][gc,heap      ] GC(1) Old regions: 3->10
[2020-02-25T02:42:46.360+0000][gc,heap      ] GC(1) Humongous regions: 2->2
[2020-02-25T02:42:46.360+0000][gc,metaspace ] GC(1) Metaspace: 20572K->20572K(1067008K)
[2020-02-25T02:42:46.360+0000][gc           ] GC(1) Pause Young (Concurrent Start) (Metadata GC Threshold) 16M->10M(1024M) 10.845ms
[2020-02-25T02:42:46.360+0000][gc,cpu       ] GC(1) User=0.02s Sys=0.00s Real=0.01s
[2020-02-25T02:42:46.360+0000][gc           ] GC(2) Concurrent Cycle
[2020-02-25T02:42:46.360+0000][gc,marking   ] GC(2) Concurrent Clear Claimed Marks
[2020-02-25T02:42:46.360+0000][gc,marking   ] GC(2) Concurrent Clear Claimed Marks 0.015ms
[2020-02-25T02:42:46.360+0000][gc,marking   ] GC(2) Concurrent Scan Root Regions
[2020-02-25T02:42:46.360+0000][gc,marking   ] GC(2) Concurrent Scan Root Regions 0.241ms
[2020-02-25T02:42:46.360+0000][gc,marking   ] GC(2) Concurrent Mark (1.061s)
[2020-02-25T02:42:46.360+0000][gc,marking   ] GC(2) Concurrent Mark From Roots
[2020-02-25T02:42:46.360+0000][gc,task      ] GC(2) Using 1 workers of 1 for marking
[2020-02-25T02:42:46.376+0000][gc,marking   ] GC(2) Concurrent Mark From Roots 16.244ms
[2020-02-25T02:42:46.376+0000][gc,marking   ] GC(2) Concurrent Preclean
[2020-02-25T02:42:46.376+0000][gc,marking   ] GC(2) Concurrent Preclean 0.051ms
[2020-02-25T02:42:46.376+0000][gc,marking   ] GC(2) Concurrent Mark (1.061s, 1.077s) 16.329ms
[2020-02-25T02:42:46.378+0000][gc,start     ] GC(2) Pause Remark
[2020-02-25T02:42:46.380+0000][gc,stringtable] GC(2) Cleaned string and symbol table, strings: 6494 processed, 0 removed, symbols: 52890 processed, 49 removed
[2020-02-25T02:42:46.380+0000][gc            ] GC(2) Pause Remark 11M->11M(1024M) 1.566ms
[2020-02-25T02:42:46.380+0000][gc,cpu        ] GC(2) User=0.01s Sys=0.00s Real=0.00s
[2020-02-25T02:42:46.380+0000][gc,marking    ] GC(2) Concurrent Rebuild Remembered Sets
[2020-02-25T02:42:46.389+0000][gc,marking    ] GC(2) Concurrent Rebuild Remembered Sets 9.207ms
[2020-02-25T02:42:46.391+0000][gc,start      ] GC(2) Pause Cleanup
[2020-02-25T02:42:46.392+0000][gc            ] GC(2) Pause Cleanup 11M->11M(1024M) 0.148ms
[2020-02-25T02:42:46.392+0000][gc,cpu        ] GC(2) User=0.00s Sys=0.00s Real=0.00s
[2020-02-25T02:42:46.392+0000][gc,marking    ] GC(2) Concurrent Cleanup for Next Mark
[2020-02-25T02:42:46.397+0000][gc,marking    ] GC(2) Concurrent Cleanup for Next Mark 5.370ms
[2020-02-25T02:42:46.397+0000][gc            ] GC(2) Concurrent Cycle 37.268ms
[2020-02-25T02:42:47.305+0000][gc,start      ] GC(3) Pause Young (Concurrent Start) (G1 Evacuation Pause)
[2020-02-25T02:42:47.305+0000][gc,task       ] GC(3) Using 2 workers of 2 for evacuation
[2020-02-25T02:42:47.313+0000][gc,phases     ] GC(3)   Pre Evacuate Collection Set: 0.1ms
[2020-02-25T02:42:47.313+0000][gc,phases     ] GC(3)   Evacuate Collection Set: 7.6ms
[2020-02-25T02:42:47.313+0000][gc,phases     ] GC(3)   Post Evacuate Collection Set: 0.4ms
[2020-02-25T02:42:47.313+0000][gc,phases     ] GC(3)   Other: 0.1ms
[2020-02-25T02:42:47.313+0000][gc,heap       ] GC(3) Eden regions: 50->0(45)
[2020-02-25T02:42:47.313+0000][gc,heap       ] GC(3) Survivor regions: 1->6(7)
[2020-02-25T02:42:47.313+0000][gc,heap       ] GC(3) Old regions: 10->10
[2020-02-25T02:42:47.313+0000][gc,heap       ] GC(3) Humongous regions: 131->131
[2020-02-25T02:42:47.313+0000][gc,metaspace  ] GC(3) Metaspace: 31304K->31304K(1077248K)
[2020-02-25T02:42:47.313+0000][gc            ] GC(3) Pause Young (Concurrent Start) (G1 Evacuation Pause) 189M->144M(1024M) 8.249ms
[2020-02-25T02:42:47.313+0000][gc,cpu        ] GC(3) User=0.02s Sys=0.00s Real=0.00s
[2020-02-25T02:42:47.313+0000][gc            ] GC(4) Concurrent Cycle
[2020-02-25T02:42:47.313+0000][gc,marking    ] GC(4) Concurrent Clear Claimed Marks
[2020-02-25T02:42:47.313+0000][gc,marking    ] GC(4) Concurrent Clear Claimed Marks 0.050ms
[2020-02-25T02:42:47.313+0000][gc,marking    ] GC(4) Concurrent Scan Root Regions
[2020-02-25T02:42:47.318+0000][gc,marking    ] GC(4) Concurrent Scan Root Regions 5.378ms
[2020-02-25T02:42:47.318+0000][gc,marking    ] GC(4) Concurrent Mark (2.019s)
[2020-02-25T02:42:47.318+0000][gc,marking    ] GC(4) Concurrent Mark From Roots
[2020-02-25T02:42:47.318+0000][gc,task       ] GC(4) Using 1 workers of 1 for marking
[2020-02-25T02:42:47.351+0000][gc,marking    ] GC(4) Concurrent Mark From Roots 32.746ms
[2020-02-25T02:42:47.351+0000][gc,marking    ] GC(4) Concurrent Preclean
[2020-02-25T02:42:47.351+0000][gc,marking    ] GC(4) Concurrent Preclean 0.068ms
[2020-02-25T02:42:47.351+0000][gc,marking    ] GC(4) Concurrent Mark (2.019s, 2.052s) 32.872ms
[2020-02-25T02:42:47.352+0000][gc,start      ] GC(4) Pause Remark
[2020-02-25T02:42:47.354+0000][gc,stringtable] GC(4) Cleaned string and symbol table, strings: 11486 processed, 9 removed, symbols: 79526 processed, 24 removed
[2020-02-25T02:42:47.354+0000][gc            ] GC(4) Pause Remark 147M->147M(1024M) 2.511ms
[2020-02-25T02:42:47.354+0000][gc,cpu        ] GC(4) User=0.00s Sys=0.00s Real=0.00s
[2020-02-25T02:42:47.354+0000][gc,marking    ] GC(4) Concurrent Rebuild Remembered Sets
[2020-02-25T02:42:47.365+0000][gc,marking    ] GC(4) Concurrent Rebuild Remembered Sets 10.806ms
[2020-02-25T02:42:47.366+0000][gc,start      ] GC(4) Pause Cleanup
[2020-02-25T02:42:47.366+0000][gc            ] GC(4) Pause Cleanup 147M->147M(1024M) 0.187ms
[2020-02-25T02:42:47.366+0000][gc,cpu        ] GC(4) User=0.00s Sys=0.00s Real=0.00s
[2020-02-25T02:42:47.366+0000][gc,marking    ] GC(4) Concurrent Cleanup for Next Mark
[2020-02-25T02:42:47.380+0000][gc,marking    ] GC(4) Concurrent Cleanup for Next Mark 13.426ms
[2020-02-25T02:42:47.380+0000][gc            ] GC(4) Concurrent Cycle 67.009ms
[2020-02-25T02:47:16.419+0000][gc,start      ] GC(5) Pause Young (Normal) (G1 Evacuation Pause)
[2020-02-25T02:47:16.419+0000][gc,task       ] GC(5) Using 2 workers of 2 for evacuation
[2020-02-25T02:47:16.432+0000][gc,phases     ] GC(5)   Pre Evacuate Collection Set: 0.0ms
[2020-02-25T02:47:16.433+0000][gc,phases     ] GC(5)   Evacuate Collection Set: 12.4ms
[2020-02-25T02:47:16.433+0000][gc,phases     ] GC(5)   Post Evacuate Collection Set: 0.7ms
[2020-02-25T02:47:16.433+0000][gc,phases     ] GC(5)   Other: 0.1ms
[2020-02-25T02:47:16.433+0000][gc,heap       ] GC(5) Eden regions: 45->0(49)
[2020-02-25T02:47:16.433+0000][gc,heap       ] GC(5) Survivor regions: 6->2(7)
[2020-02-25T02:47:16.433+0000][gc,heap       ] GC(5) Old regions: 10->14
[2020-02-25T02:47:16.433+0000][gc,heap       ] GC(5) Humongous regions: 143->2
[2020-02-25T02:47:16.433+0000][gc,metaspace  ] GC(5) Metaspace: 37582K->37582K(1083392K)
[2020-02-25T02:47:16.433+0000][gc            ] GC(5) Pause Young (Normal) (G1 Evacuation Pause) 201M->15M(1024M) 13.255ms
[2020-02-25T02:47:16.433+0000][gc,cpu        ] GC(5) User=0.02s Sys=0.01s Real=0.01s
[2020-02-25T02:47:18.403+0000][gc,heap,exit  ] Heap
[2020-02-25T02:47:18.404+0000][gc,heap,exit  ]  garbage-first heap   total 1048576K, used 21038K [0x00000000c0000000, 0x0000000100000000)
[2020-02-25T02:47:18.404+0000][gc,heap,exit  ]   region size 1024K, 8 young (8192K), 2 survivors (2048K)
[2020-02-25T02:47:18.404+0000][gc,heap,exit  ]  Metaspace       used 37790K, capacity 39850K, committed 39932K, reserved 1083392K
[2020-02-25T02:47:18.404+0000][gc,heap,exit  ]   class space    used 4865K, capacity 5868K, committed 5884K, reserved 1048576K
