[2020-02-25T01:20:46.783+0000][gc,heap] Heap region size: 1M
[2020-02-25T01:20:46.790+0000][gc     ] Using G1
[2020-02-25T01:20:46.790+0000][gc,heap,coops] Heap address: 0x00000000c0000000, size: 1024 MB, Compressed Oops mode: 32-bit
[2020-02-25T01:20:46.790+0000][gc,cds       ] Mark closed archive regions in map: [0x00000000fff00000, 0x00000000fff69ff8]
[2020-02-25T01:20:46.790+0000][gc,cds       ] Mark open archive regions in map: [0x00000000ffe00000, 0x00000000ffe43ff8]
[2020-02-25T01:20:47.714+0000][gc,start     ] GC(0) Pause Young (Normal) (G1 Evacuation Pause)
[2020-02-25T01:20:47.714+0000][gc,task      ] GC(0) Using 2 workers of 2 for evacuation
[2020-02-25T01:20:47.722+0000][gc,phases    ] GC(0)   Pre Evacuate Collection Set: 0.0ms
[2020-02-25T01:20:47.722+0000][gc,phases    ] GC(0)   Evacuate Collection Set: 7.3ms
[2020-02-25T01:20:47.722+0000][gc,phases    ] GC(0)   Post Evacuate Collection Set: 0.3ms
[2020-02-25T01:20:47.722+0000][gc,phases    ] GC(0)   Other: 0.3ms
[2020-02-25T01:20:47.722+0000][gc,heap      ] GC(0) Eden regions: 51->0(44)
[2020-02-25T01:20:47.722+0000][gc,heap      ] GC(0) Survivor regions: 0->7(7)
[2020-02-25T01:20:47.722+0000][gc,heap      ] GC(0) Old regions: 2->3
[2020-02-25T01:20:47.722+0000][gc,heap      ] GC(0) Humongous regions: 2->2
[2020-02-25T01:20:47.722+0000][gc,metaspace ] GC(0) Metaspace: 19041K->19041K(1067008K)
[2020-02-25T01:20:47.722+0000][gc           ] GC(0) Pause Young (Normal) (G1 Evacuation Pause) 53M->9M(1024M) 7.912ms
[2020-02-25T01:20:47.722+0000][gc,cpu       ] GC(0) User=0.02s Sys=0.00s Real=0.01s
[2020-02-25T01:20:47.832+0000][gc,start     ] GC(1) Pause Young (Concurrent Start) (Metadata GC Threshold)
[2020-02-25T01:20:47.832+0000][gc,task      ] GC(1) Using 2 workers of 2 for evacuation
[2020-02-25T01:20:47.842+0000][gc,phases    ] GC(1)   Pre Evacuate Collection Set: 0.0ms
[2020-02-25T01:20:47.842+0000][gc,phases    ] GC(1)   Evacuate Collection Set: 9.5ms
[2020-02-25T01:20:47.842+0000][gc,phases    ] GC(1)   Post Evacuate Collection Set: 0.5ms
[2020-02-25T01:20:47.842+0000][gc,phases    ] GC(1)   Other: 0.1ms
[2020-02-25T01:20:47.842+0000][gc,heap      ] GC(1) Eden regions: 7->0(50)
[2020-02-25T01:20:47.842+0000][gc,heap      ] GC(1) Survivor regions: 7->1(7)
[2020-02-25T01:20:47.842+0000][gc,heap      ] GC(1) Old regions: 3->10
[2020-02-25T01:20:47.842+0000][gc,heap      ] GC(1) Humongous regions: 2->2
[2020-02-25T01:20:47.842+0000][gc,metaspace ] GC(1) Metaspace: 20614K->20614K(1067008K)
[2020-02-25T01:20:47.842+0000][gc           ] GC(1) Pause Young (Concurrent Start) (Metadata GC Threshold) 16M->10M(1024M) 10.215ms
[2020-02-25T01:20:47.842+0000][gc,cpu       ] GC(1) User=0.02s Sys=0.00s Real=0.01s
[2020-02-25T01:20:47.842+0000][gc           ] GC(2) Concurrent Cycle
[2020-02-25T01:20:47.842+0000][gc,marking   ] GC(2) Concurrent Clear Claimed Marks
[2020-02-25T01:20:47.842+0000][gc,marking   ] GC(2) Concurrent Clear Claimed Marks 0.016ms
[2020-02-25T01:20:47.842+0000][gc,marking   ] GC(2) Concurrent Scan Root Regions
[2020-02-25T01:20:47.843+0000][gc,marking   ] GC(2) Concurrent Scan Root Regions 0.269ms
[2020-02-25T01:20:47.843+0000][gc,marking   ] GC(2) Concurrent Mark (1.061s)
[2020-02-25T01:20:47.843+0000][gc,marking   ] GC(2) Concurrent Mark From Roots
[2020-02-25T01:20:47.843+0000][gc,task      ] GC(2) Using 1 workers of 1 for marking
[2020-02-25T01:20:47.850+0000][gc,marking   ] GC(2) Concurrent Mark From Roots 7.583ms
[2020-02-25T01:20:47.850+0000][gc,marking   ] GC(2) Concurrent Preclean
[2020-02-25T01:20:47.850+0000][gc,marking   ] GC(2) Concurrent Preclean 0.041ms
[2020-02-25T01:20:47.850+0000][gc,marking   ] GC(2) Concurrent Mark (1.061s, 1.069s) 7.654ms
[2020-02-25T01:20:47.850+0000][gc,start     ] GC(2) Pause Remark
[2020-02-25T01:20:47.852+0000][gc,stringtable] GC(2) Cleaned string and symbol table, strings: 6472 processed, 0 removed, symbols: 52763 processed, 49 removed
[2020-02-25T01:20:47.853+0000][gc            ] GC(2) Pause Remark 11M->11M(1024M) 2.305ms
[2020-02-25T01:20:47.853+0000][gc,cpu        ] GC(2) User=0.00s Sys=0.00s Real=0.00s
[2020-02-25T01:20:47.853+0000][gc,marking    ] GC(2) Concurrent Rebuild Remembered Sets
[2020-02-25T01:20:47.866+0000][gc,marking    ] GC(2) Concurrent Rebuild Remembered Sets 12.845ms
[2020-02-25T01:20:47.866+0000][gc,start      ] GC(2) Pause Cleanup
[2020-02-25T01:20:47.866+0000][gc            ] GC(2) Pause Cleanup 11M->11M(1024M) 0.238ms
[2020-02-25T01:20:47.866+0000][gc,cpu        ] GC(2) User=0.00s Sys=0.00s Real=0.00s
[2020-02-25T01:20:47.866+0000][gc,marking    ] GC(2) Concurrent Cleanup for Next Mark
[2020-02-25T01:20:47.875+0000][gc,marking    ] GC(2) Concurrent Cleanup for Next Mark 8.975ms
[2020-02-25T01:20:47.875+0000][gc            ] GC(2) Concurrent Cycle 32.951ms
[2020-02-25T01:20:48.583+0000][gc,start      ] GC(3) Pause Young (Normal) (G1 Evacuation Pause)
[2020-02-25T01:20:48.583+0000][gc,task       ] GC(3) Using 2 workers of 2 for evacuation
[2020-02-25T01:20:48.593+0000][gc,phases     ] GC(3)   Pre Evacuate Collection Set: 0.0ms
[2020-02-25T01:20:48.593+0000][gc,phases     ] GC(3)   Evacuate Collection Set: 9.2ms
[2020-02-25T01:20:48.593+0000][gc,phases     ] GC(3)   Post Evacuate Collection Set: 0.6ms
[2020-02-25T01:20:48.593+0000][gc,phases     ] GC(3)   Other: 0.1ms
[2020-02-25T01:20:48.593+0000][gc,heap       ] GC(3) Eden regions: 50->0(46)
[2020-02-25T01:20:48.593+0000][gc,heap       ] GC(3) Survivor regions: 1->5(7)
[2020-02-25T01:20:48.593+0000][gc,heap       ] GC(3) Old regions: 10->10
[2020-02-25T01:20:48.593+0000][gc,heap       ] GC(3) Humongous regions: 131->131
[2020-02-25T01:20:48.593+0000][gc,metaspace  ] GC(3) Metaspace: 32397K->32397K(1079296K)
[2020-02-25T01:20:48.593+0000][gc            ] GC(3) Pause Young (Normal) (G1 Evacuation Pause) 189M->143M(1024M) 9.987ms
[2020-02-25T01:20:48.593+0000][gc,cpu        ] GC(3) User=0.02s Sys=0.00s Real=0.01s
[2020-02-25T01:29:53.912+0000][gc,start      ] GC(4) Pause Young (Concurrent Start) (Metadata GC Threshold)
[2020-02-25T01:29:53.912+0000][gc,task       ] GC(4) Using 2 workers of 2 for evacuation
[2020-02-25T01:29:53.918+0000][gc,phases     ] GC(4)   Pre Evacuate Collection Set: 0.1ms
[2020-02-25T01:29:53.918+0000][gc,phases     ] GC(4)   Evacuate Collection Set: 5.2ms
[2020-02-25T01:29:53.918+0000][gc,phases     ] GC(4)   Post Evacuate Collection Set: 0.4ms
[2020-02-25T01:29:53.918+0000][gc,phases     ] GC(4)   Other: 0.1ms
[2020-02-25T01:29:53.918+0000][gc,heap       ] GC(4) Eden regions: 16->0(50)
[2020-02-25T01:29:53.918+0000][gc,heap       ] GC(4) Survivor regions: 5->1(7)
[2020-02-25T01:29:53.918+0000][gc,heap       ] GC(4) Old regions: 10->13
[2020-02-25T01:29:53.918+0000][gc,heap       ] GC(4) Humongous regions: 131->2
[2020-02-25T01:29:53.918+0000][gc,metaspace  ] GC(4) Metaspace: 34249K->34249K(1081344K)
[2020-02-25T01:29:53.918+0000][gc            ] GC(4) Pause Young (Concurrent Start) (Metadata GC Threshold) 159M->14M(1024M) 5.806ms
[2020-02-25T01:29:53.918+0000][gc,cpu        ] GC(4) User=0.00s Sys=0.00s Real=0.01s
[2020-02-25T01:29:53.918+0000][gc            ] GC(5) Concurrent Cycle
[2020-02-25T01:29:53.918+0000][gc,marking    ] GC(5) Concurrent Clear Claimed Marks
[2020-02-25T01:29:53.918+0000][gc,marking    ] GC(5) Concurrent Clear Claimed Marks 0.076ms
[2020-02-25T01:29:53.918+0000][gc,marking    ] GC(5) Concurrent Scan Root Regions
[2020-02-25T01:29:53.918+0000][gc,marking    ] GC(5) Concurrent Scan Root Regions 0.565ms
[2020-02-25T01:29:53.918+0000][gc,marking    ] GC(5) Concurrent Mark (547.137s)
[2020-02-25T01:29:53.918+0000][gc,marking    ] GC(5) Concurrent Mark From Roots
[2020-02-25T01:29:53.918+0000][gc,task       ] GC(5) Using 1 workers of 1 for marking
[2020-02-25T01:29:53.932+0000][gc,marking    ] GC(5) Concurrent Mark From Roots 13.867ms
[2020-02-25T01:29:53.932+0000][gc,marking    ] GC(5) Concurrent Preclean
[2020-02-25T01:29:53.932+0000][gc,marking    ] GC(5) Concurrent Preclean 0.056ms
[2020-02-25T01:29:53.932+0000][gc,marking    ] GC(5) Concurrent Mark (547.137s, 547.151s) 13.985ms
[2020-02-25T01:29:53.933+0000][gc,start      ] GC(5) Pause Remark
[2020-02-25T01:29:53.937+0000][gc,stringtable] GC(5) Cleaned string and symbol table, strings: 11791 processed, 21 removed, symbols: 81550 processed, 21 removed
[2020-02-25T01:29:53.937+0000][gc            ] GC(5) Pause Remark 14M->14M(1024M) 4.543ms
[2020-02-25T01:29:53.937+0000][gc,cpu        ] GC(5) User=0.00s Sys=0.00s Real=0.01s
[2020-02-25T01:29:53.937+0000][gc,marking    ] GC(5) Concurrent Rebuild Remembered Sets
[2020-02-25T01:29:53.945+0000][gc,marking    ] GC(5) Concurrent Rebuild Remembered Sets 7.850ms
[2020-02-25T01:29:53.946+0000][gc,start      ] GC(5) Pause Cleanup
[2020-02-25T01:29:53.946+0000][gc            ] GC(5) Pause Cleanup 14M->14M(1024M) 0.221ms
[2020-02-25T01:29:53.946+0000][gc,cpu        ] GC(5) User=0.00s Sys=0.00s Real=0.00s
[2020-02-25T01:29:53.946+0000][gc,marking    ] GC(5) Concurrent Cleanup for Next Mark
[2020-02-25T01:29:53.951+0000][gc,marking    ] GC(5) Concurrent Cleanup for Next Mark 4.879ms
[2020-02-25T01:29:53.951+0000][gc            ] GC(5) Concurrent Cycle 33.444ms
[2020-02-25T01:29:53.963+0000][gc,heap,exit  ] Heap
[2020-02-25T01:29:53.963+0000][gc,heap,exit  ]  garbage-first heap   total 1048576K, used 16718K [0x00000000c0000000, 0x0000000100000000)
[2020-02-25T01:29:53.963+0000][gc,heap,exit  ]   region size 1024K, 4 young (4096K), 1 survivors (1024K)
[2020-02-25T01:29:53.963+0000][gc,heap,exit  ]  Metaspace       used 34290K, capacity 35879K, committed 36176K, reserved 1081344K
[2020-02-25T01:29:53.963+0000][gc,heap,exit  ]   class space    used 4239K, capacity 4975K, committed 5040K, reserved 1048576K
