[2020-02-24T09:16:35.580+0000][gc,heap] Heap region size: 1M
[2020-02-24T09:16:35.596+0000][gc     ] Using G1
[2020-02-24T09:16:35.596+0000][gc,heap,coops] Heap address: 0x00000000e0000000, size: 512 MB, Compressed Oops mode: 32-bit
[2020-02-24T09:16:35.596+0000][gc,cds       ] Mark closed archive regions in map: [0x00000000fff00000, 0x00000000fff69ff8]
[2020-02-24T09:16:35.596+0000][gc,cds       ] Mark open archive regions in map: [0x00000000ffe00000, 0x00000000ffe43ff8]
[2020-02-24T09:16:38.467+0000][gc,start     ] GC(0) Pause Young (Normal) (G1 Evacuation Pause)
[2020-02-24T09:16:38.467+0000][gc,task      ] GC(0) Using 2 workers of 2 for evacuation
[2020-02-24T09:16:38.476+0000][gc,phases    ] GC(0)   Pre Evacuate Collection Set: 0.0ms
[2020-02-24T09:16:38.476+0000][gc,phases    ] GC(0)   Evacuate Collection Set: 8.8ms
[2020-02-24T09:16:38.476+0000][gc,phases    ] GC(0)   Post Evacuate Collection Set: 0.4ms
[2020-02-24T09:16:38.476+0000][gc,phases    ] GC(0)   Other: 0.3ms
[2020-02-24T09:16:38.476+0000][gc,heap      ] GC(0) Eden regions: 25->0(21)
[2020-02-24T09:16:38.476+0000][gc,heap      ] GC(0) Survivor regions: 0->4(4)
[2020-02-24T09:16:38.476+0000][gc,heap      ] GC(0) Old regions: 2->4
[2020-02-24T09:16:38.476+0000][gc,heap      ] GC(0) Humongous regions: 0->0
[2020-02-24T09:16:38.476+0000][gc,metaspace ] GC(0) Metaspace: 8413K->8413K(1056768K)
[2020-02-24T09:16:38.476+0000][gc           ] GC(0) Pause Young (Normal) (G1 Evacuation Pause) 25M->6M(512M) 9.559ms
[2020-02-24T09:16:38.476+0000][gc,cpu       ] GC(0) User=0.01s Sys=0.00s Real=0.01s
